Archive member included to satisfy reference by file (symbol)

D:/Program Files/STM32CubeIDE_1.18.1/STM32CubeIDE/plugins/com.st.stm32cube.ide.mcu.externaltools.gnu-tools-for-stm32.13.3.rel1.win32_1.0.0.202411081344/tools/bin/../lib/gcc/arm-none-eabi/13.3.1/../../../../arm-none-eabi/lib/thumb/v6-m/nofp\libc_nano.a(libc_a-assert.o)
                              ./Components/littlefs/Src/lfs.o (__assert_func)
D:/Program Files/STM32CubeIDE_1.18.1/STM32CubeIDE/plugins/com.st.stm32cube.ide.mcu.externaltools.gnu-tools-for-stm32.13.3.rel1.win32_1.0.0.202411081344/tools/bin/../lib/gcc/arm-none-eabi/13.3.1/../../../../arm-none-eabi/lib/thumb/v6-m/nofp\libc_nano.a(libc_a-exit.o)
                              D:/Program Files/STM32CubeIDE_1.18.1/STM32CubeIDE/plugins/com.st.stm32cube.ide.mcu.externaltools.gnu-tools-for-stm32.13.3.rel1.win32_1.0.0.202411081344/tools/bin/../lib/gcc/arm-none-eabi/13.3.1/../../../../arm-none-eabi/lib/thumb/v6-m/nofp/crt0.o (exit)
D:/Program Files/STM32CubeIDE_1.18.1/STM32CubeIDE/plugins/com.st.stm32cube.ide.mcu.externaltools.gnu-tools-for-stm32.13.3.rel1.win32_1.0.0.202411081344/tools/bin/../lib/gcc/arm-none-eabi/13.3.1/../../../../arm-none-eabi/lib/thumb/v6-m/nofp\libc_nano.a(libc_a-findfp.o)
                              ./Middlewares/Third_Party/FreeRTOS/Source/tasks.o (__sf)
D:/Program Files/STM32CubeIDE_1.18.1/STM32CubeIDE/plugins/com.st.stm32cube.ide.mcu.externaltools.gnu-tools-for-stm32.13.3.rel1.win32_1.0.0.202411081344/tools/bin/../lib/gcc/arm-none-eabi/13.3.1/../../../../arm-none-eabi/lib/thumb/v6-m/nofp\libc_nano.a(libc_a-fprintf.o)
                              D:/Program Files/STM32CubeIDE_1.18.1/STM32CubeIDE/plugins/com.st.stm32cube.ide.mcu.externaltools.gnu-tools-for-stm32.13.3.rel1.win32_1.0.0.202411081344/tools/bin/../lib/gcc/arm-none-eabi/13.3.1/../../../../arm-none-eabi/lib/thumb/v6-m/nofp\libc_nano.a(libc_a-assert.o) (fiprintf)
D:/Program Files/STM32CubeIDE_1.18.1/STM32CubeIDE/plugins/com.st.stm32cube.ide.mcu.externaltools.gnu-tools-for-stm32.13.3.rel1.win32_1.0.0.202411081344/tools/bin/../lib/gcc/arm-none-eabi/13.3.1/../../../../arm-none-eabi/lib/thumb/v6-m/nofp\libc_nano.a(libc_a-fwalk.o)
                              D:/Program Files/STM32CubeIDE_1.18.1/STM32CubeIDE/plugins/com.st.stm32cube.ide.mcu.externaltools.gnu-tools-for-stm32.13.3.rel1.win32_1.0.0.202411081344/tools/bin/../lib/gcc/arm-none-eabi/13.3.1/../../../../arm-none-eabi/lib/thumb/v6-m/nofp\libc_nano.a(libc_a-findfp.o) (_fwalk_sglue)
D:/Program Files/STM32CubeIDE_1.18.1/STM32CubeIDE/plugins/com.st.stm32cube.ide.mcu.externaltools.gnu-tools-for-stm32.13.3.rel1.win32_1.0.0.202411081344/tools/bin/../lib/gcc/arm-none-eabi/13.3.1/../../../../arm-none-eabi/lib/thumb/v6-m/nofp\libc_nano.a(libc_a-sprintf.o)
                              ./Components/Eicher/src/eicher.o (sprintf)
D:/Program Files/STM32CubeIDE_1.18.1/STM32CubeIDE/plugins/com.st.stm32cube.ide.mcu.externaltools.gnu-tools-for-stm32.13.3.rel1.win32_1.0.0.202411081344/tools/bin/../lib/gcc/arm-none-eabi/13.3.1/../../../../arm-none-eabi/lib/thumb/v6-m/nofp\libc_nano.a(libc_a-stdio.o)
                              D:/Program Files/STM32CubeIDE_1.18.1/STM32CubeIDE/plugins/com.st.stm32cube.ide.mcu.externaltools.gnu-tools-for-stm32.13.3.rel1.win32_1.0.0.202411081344/tools/bin/../lib/gcc/arm-none-eabi/13.3.1/../../../../arm-none-eabi/lib/thumb/v6-m/nofp\libc_nano.a(libc_a-findfp.o) (__sread)
D:/Program Files/STM32CubeIDE_1.18.1/STM32CubeIDE/plugins/com.st.stm32cube.ide.mcu.externaltools.gnu-tools-for-stm32.13.3.rel1.win32_1.0.0.202411081344/tools/bin/../lib/gcc/arm-none-eabi/13.3.1/../../../../arm-none-eabi/lib/thumb/v6-m/nofp\libc_nano.a(libc_a-memcmp.o)
                              ./Components/littlefs/Src/lfs.o (memcmp)
D:/Program Files/STM32CubeIDE_1.18.1/STM32CubeIDE/plugins/com.st.stm32cube.ide.mcu.externaltools.gnu-tools-for-stm32.13.3.rel1.win32_1.0.0.202411081344/tools/bin/../lib/gcc/arm-none-eabi/13.3.1/../../../../arm-none-eabi/lib/thumb/v6-m/nofp\libc_nano.a(libc_a-memset.o)
                              D:/Program Files/STM32CubeIDE_1.18.1/STM32CubeIDE/plugins/com.st.stm32cube.ide.mcu.externaltools.gnu-tools-for-stm32.13.3.rel1.win32_1.0.0.202411081344/tools/bin/../lib/gcc/arm-none-eabi/13.3.1/../../../../arm-none-eabi/lib/thumb/v6-m/nofp/crt0.o (memset)
D:/Program Files/STM32CubeIDE_1.18.1/STM32CubeIDE/plugins/com.st.stm32cube.ide.mcu.externaltools.gnu-tools-for-stm32.13.3.rel1.win32_1.0.0.202411081344/tools/bin/../lib/gcc/arm-none-eabi/13.3.1/../../../../arm-none-eabi/lib/thumb/v6-m/nofp\libc_nano.a(libc_a-strcat.o)
                              ./Components/Eicher/src/eicher.o (strcat)
D:/Program Files/STM32CubeIDE_1.18.1/STM32CubeIDE/plugins/com.st.stm32cube.ide.mcu.externaltools.gnu-tools-for-stm32.13.3.rel1.win32_1.0.0.202411081344/tools/bin/../lib/gcc/arm-none-eabi/13.3.1/../../../../arm-none-eabi/lib/thumb/v6-m/nofp\libc_nano.a(libc_a-strchr.o)
                              ./Components/littlefs/Src/lfs.o (strchr)
[...]
Memory Configuration

Name             Origin             Length             Attributes
RAM              0x20000000         0x00024000         xrw
FLASH            0x08000000         0x00080000         xr
*default*        0x00000000         0xffffffff

Linker script and memory map

LOAD D:/Program Files/STM32CubeIDE_1.18.1/STM32CubeIDE/plugins/com.st.stm32cube.ide.mcu.externaltools.gnu-tools-for-stm32.13.3.rel1.win32_1.0.0.202411081344/tools/bin/../lib/gcc/arm-none-eabi/13.3.1/thumb/v6-m/nofp/crti.o
LOAD D:/Program Files/STM32CubeIDE_1.18.1/STM32CubeIDE/plugins/com.st.stm32cube.ide.mcu.externaltools.gnu-tools-for-stm32.13.3.rel1.win32_1.0.0.202411081344/tools/bin/../lib/gcc/arm-none-eabi/13.3.1/thumb/v6-m/nofp/crtbegin.o
LOAD D:/Program Files/STM32CubeIDE_1.18.1/STM32CubeIDE/plugins/com.st.stm32cube.ide.mcu.externaltools.gnu-tools-for-stm32.13.3.rel1.win32_1.0.0.202411081344/tools/bin/../lib/gcc/arm-none-eabi/13.3.1/../../../../arm-none-eabi/lib/thumb/v6-m/nofp/crt0.o
LOAD ./Components/Application/Src/dev_appl.o
LOAD ./Components/Eicher/src/eicher.o
LOAD ./Components/LORA/Src/lora_com.o
LOAD ./Components/LORA/Src/lora_uart_interface.o
LOAD ./Components/can_tp/src/can_interface.o
LOAD ./Components/littlefs/Src/lfs.o
LOAD ./Components/littlefs/Src/lfs_util.o
LOAD ./Components/littlefs/Src/storage.o
LOAD ./Components/littlefs/Src/w25qxx.o
LOAD ./Components/littlefs/Src/w25qxx_littlefs.o
LOAD ./Core/Src/app_freertos.o
LOAD ./Core/Src/main.o
LOAD ./Core/Src/stm32g0xx_hal_msp.o
LOAD ./Core/Src/stm32g0xx_hal_timebase_tim.o
LOAD ./Core/Src/stm32g0xx_it.o
LOAD ./Core/Src/syscalls.o
LOAD ./Core/Src/sysmem.o
LOAD ./Core/Src/system_logging.o
LOAD ./Core/Src/system_stm32g0xx.o
LOAD ./Core/Src/system_util.o
LOAD ./Core/Startup/startup_stm32g0b1cetx.o
LOAD ./Drivers/STM32G0xx_HAL_Driver/Src/stm32g0xx_hal.o
LOAD ./Drivers/STM32G0xx_HAL_Driver/Src/stm32g0xx_hal_adc.o
LOAD ./Drivers/STM32G0xx_HAL_Driver/Src/stm32g0xx_hal_adc_ex.o
LOAD ./Drivers/STM32G0xx_HAL_Driver/Src/stm32g0xx_hal_cortex.o
LOAD ./Drivers/STM32G0xx_HAL_Driver/Src/stm32g0xx_hal_dma.o
LOAD ./Drivers/STM32G0xx_HAL_Driver/Src/stm32g0xx_hal_dma_ex.o
LOAD ./Drivers/STM32G0xx_HAL_Driver/Src/stm32g0xx_hal_exti.o
LOAD ./Drivers/STM32G0xx_HAL_Driver/Src/stm32g0xx_hal_fdcan.o
LOAD ./Drivers/STM32G0xx_HAL_Driver/Src/stm32g0xx_hal_flash.o
LOAD ./Drivers/STM32G0xx_HAL_Driver/Src/stm32g0xx_hal_flash_ex.o
LOAD ./Drivers/STM32G0xx_HAL_Driver/Src/stm32g0xx_hal_gpio.o
LOAD ./Drivers/STM32G0xx_HAL_Driver/Src/stm32g0xx_hal_iwdg.o
LOAD ./Drivers/STM32G0xx_HAL_Driver/Src/stm32g0xx_hal_pwr.o
LOAD ./Drivers/STM32G0xx_HAL_Driver/Src/stm32g0xx_hal_pwr_ex.o
LOAD ./Drivers/STM32G0xx_HAL_Driver/Src/stm32g0xx_hal_rcc.o
LOAD ./Drivers/STM32G0xx_HAL_Driver/Src/stm32g0xx_hal_rcc_ex.o
LOAD ./Drivers/STM32G0xx_HAL_Driver/Src/stm32g0xx_hal_rtc.o
LOAD ./Drivers/STM32G0xx_HAL_Driver/Src/stm32g0xx_hal_rtc_ex.o
LOAD ./Drivers/STM32G0xx_HAL_Driver/Src/stm32g0xx_hal_spi.o
LOAD ./Drivers/STM32G0xx_HAL_Driver/Src/stm32g0xx_hal_spi_ex.o
LOAD ./Drivers/STM32G0xx_HAL_Driver/Src/stm32g0xx_hal_tim.o
LOAD ./Drivers/STM32G0xx_HAL_Driver/Src/stm32g0xx_hal_tim_ex.o
LOAD ./Drivers/STM32G0xx_HAL_Driver/Src/stm32g0xx_hal_uart.o
LOAD ./Drivers/STM32G0xx_HAL_Driver/Src/stm32g0xx_hal_uart_ex.o
LOAD ./Drivers/STM32G0xx_HAL_Driver/Src/stm32g0xx_ll_adc.o
LOAD ./Drivers/STM32G0xx_HAL_Driver/Src/stm32g0xx_ll_rcc.o
LOAD ./Middlewares/Third_Party/FreeRTOS/Source/CMSIS_RTOS_V2/cmsis_os2.o
LOAD ./Middlewares/Third_Party/FreeRTOS/Source/croutine.o
LOAD ./Middlewares/Third_Party/FreeRTOS/Source/event_groups.o
LOAD ./Middlewares/Third_Party/FreeRTOS/Source/list.o
LOAD ./Middlewares/Third_Party/FreeRTOS/Source/queue.o
LOAD ./Middlewares/Third_Party/FreeRTOS/Source/stream_buffer.o
LOAD ./Middlewares/Third_Party/FreeRTOS/Source/tasks.o
LOAD ./Middlewares/Third_Party/FreeRTOS/Source/timers.o
LOAD ./Middlewares/Third_Party/FreeRTOS/Source/portable/GCC/ARM_CM0/port.o
LOAD ./Middlewares/Third_Party/FreeRTOS/Source/portable/MemMang/heap_4.o
START GROUP
LOAD D:/Program Files/STM32CubeIDE_1.18.1/STM32CubeIDE/plugins/com.st.stm32cube.ide.mcu.externaltools.gnu-tools-for-stm32.13.3.rel1.win32_1.0.0.202411081344/tools/bin/../lib/gcc/arm-none-eabi/13.3.1/../../../../arm-none-eabi/lib/thumb/v6-m/nofp\libc_nano.a
LOAD D:/Program Files/STM32CubeIDE_1.18.1/STM32CubeIDE/plugins/com.st.stm32cube.ide.mcu.externaltools.gnu-tools-for-stm32.13.3.rel1.win32_1.0.0.202411081344/tools/bin/../lib/gcc/arm-none-eabi/13.3.1/../../../../arm-none-eabi/lib/thumb/v6-m/nofp\libm.a
END GROUP
START GROUP
LOAD D:/Program Files/STM32CubeIDE_1.18.1/STM32CubeIDE/plugins/com.st.stm32cube.ide.mcu.externaltools.gnu-tools-for-stm32.13.3.rel1.win32_1.0.0.202411081344/tools/bin/../lib/gcc/arm-none-eabi/13.3.1/thumb/v6-m/nofp\libgcc.a
LOAD D:/Program Files/STM32CubeIDE_1.18.1/STM32CubeIDE/plugins/com.st.stm32cube.ide.mcu.externaltools.gnu-tools-for-stm32.13.3.rel1.win32_1.0.0.202411081344/tools/bin/../lib/gcc/arm-none-eabi/13.3.1/../../../../arm-none-eabi/lib/thumb/v6-m/nofp\libc_nano.a
END GROUP
START GROUP
LOAD D:/Program Files/STM32CubeIDE_1.18.1/STM32CubeIDE/plugins/com.st.stm32cube.ide.mcu.externaltools.gnu-tools-for-stm32.13.3.rel1.win32_1.0.0.202411081344/tools/bin/../lib/gcc/arm-none-eabi/13.3.1/thumb/v6-m/nofp\libgcc.a
LOAD D:/Program Files/STM32CubeIDE_1.18.1/STM32CubeIDE/plugins/com.st.stm32cube.ide.mcu.externaltools.gnu-tools-for-stm32.13.3.rel1.win32_1.0.0.202411081344/tools/bin/../lib/gcc/arm-none-eabi/13.3.1/../../../../arm-none-eabi/lib/thumb/v6-m/nofp\libc_nano.a
LOAD D:/Program Files/STM32CubeIDE_1.18.1/STM32CubeIDE/plugins/com.st.stm32cube.ide.mcu.externaltools.gnu-tools-for-stm32.13.3.rel1.win32_1.0.0.202411081344/tools/bin/../lib/gcc/arm-none-eabi/13.3.1/../../../../arm-none-eabi/lib/thumb/v6-m/nofp\libnosys.a
END GROUP
START GROUP
LOAD D:/Program Files/STM32CubeIDE_1.18.1/STM32CubeIDE/plugins/com.st.stm32cube.ide.mcu.externaltools.gnu-tools-for-stm32.13.3.rel1.win32_1.0.0.202411081344/tools/bin/../lib/gcc/arm-none-eabi/13.3.1/thumb/v6-m/nofp\libgcc.a
LOAD D:/Program Files/STM32CubeIDE_1.18.1/STM32CubeIDE/plugins/com.st.stm32cube.ide.mcu.externaltools.gnu-tools-for-stm32.13.3.rel1.win32_1.0.0.202411081344/tools/bin/../lib/gcc/arm-none-eabi/13.3.1/../../../../arm-none-eabi/lib/thumb/v6-m/nofp\libc_nano.a
LOAD D:/Program Files/STM32CubeIDE_1.18.1/STM32CubeIDE/plugins/com.st.stm32cube.ide.mcu.externaltools.gnu-tools-for-stm32.13.3.rel1.win32_1.0.0.202411081344/tools/bin/../lib/gcc/arm-none-eabi/13.3.1/../../../../arm-none-eabi/lib/thumb/v6-m/nofp\libnosys.a
END GROUP
LOAD D:/Program Files/STM32CubeIDE_1.18.1/STM32CubeIDE/plugins/com.st.stm32cube.ide.mcu.externaltools.gnu-tools-for-stm32.13.3.rel1.win32_1.0.0.202411081344/tools/bin/../lib/gcc/arm-none-eabi/13.3.1/thumb/v6-m/nofp/crtend.o
LOAD D:/Program Files/STM32CubeIDE_1.18.1/STM32CubeIDE/plugins/com.st.stm32cube.ide.mcu.externaltools.gnu-tools-for-stm32.13.3.rel1.win32_1.0.0.202411081344/tools/bin/../lib/gcc/arm-none-eabi/13.3.1/thumb/v6-m/nofp/crtn.o
                0x20024000                        _estack = (ORIGIN (RAM) + LENGTH (RAM))
                0x00000200                        _Min_Heap_Size = 0x200
                0x00000400                        _Min_Stack_Size = 0x400

.isr_vector     0x08000000       0xbc
                0x08000000                        . = ALIGN (0x4)
 *(.isr_vector)
 .isr_vector    0x08000000       0xbc ./Core/Startup/startup_stm32g0b1cetx.o
                0x08000000                g_pfnVectors
                0x080000bc                        . = ALIGN (0x4)

.text           0x080000c0     0xd670
                0x080000c0                        . = ALIGN (0x4)
 *(.text)
 .text          0x080000c0       0x48 D:/Program Files/STM32CubeIDE_1.18.1/STM32CubeIDE/plugins/com.st.stm32cube.ide.mcu.externaltools.gnu-tools-for-stm32.13.3.rel1.win32_1.0.0.202411081344/tools/bin/../lib/gcc/arm-none-eabi/13.3.1/thumb/v6-m/nofp/crtbegin.o
 .text          0x08000108        0xe D:/Program Files/STM32CubeIDE_1.18.1/STM32CubeIDE/plugins/com.st.stm32cube.ide.mcu.externaltools.gnu-tools-for-stm32.13.3.rel1.win32_1.0.0.202411081344/tools/bin/../lib/gcc/arm-none-eabi/13.3.1/../../../../arm-none-eabi/lib/thumb/v6-m/nofp\libc_nano.a(libc_a-strlen.o)
                0x08000108                strlen
 *fill*         0x08000116        0x2 
 .text          0x08000118       0x14 D:/Program Files/STM32CubeIDE_1.18.1/STM32CubeIDE/plugins/com.st.stm32cube.ide.mcu.externaltools.gnu-tools-for-stm32.13.3.rel1.win32_1.0.0.202411081344/tools/bin/../lib/gcc/arm-none-eabi/13.3.1/thumb/v6-m/nofp\libgcc.a(_thumb1_case_shi.o)
                0x08000118                __gnu_thumb1_case_shi
 .text          0x0800012c      0x114 D:/Program Files/STM32CubeIDE_1.18.1/STM32CubeIDE/plugins/com.st.stm32cube.ide.mcu.externaltools.gnu-tools-for-stm32.13.3.rel1.win32_1.0.0.202411081344/tools/bin/../lib/gcc/arm-none-eabi/13.3.1/thumb/v6-m/nofp\libgcc.a(_udivsi3.o)
                0x0800012c                __aeabi_uidiv
                0x0800012c                __udivsi3
                0x08000238                __aeabi_uidivmod
 .text          0x08000240      0x1d4 D:/Program Files/STM32CubeIDE_1.18.1/STM32CubeIDE/plugins/com.st.stm32cube.ide.mcu.externaltools.gnu-tools-for-stm32.13.3.rel1.win32_1.0.0.202411081344/tools/bin/../lib/gcc/arm-none-eabi/13.3.1/thumb/v6-m/nofp\libgcc.a(_divsi3.o)
                0x08000240                __divsi3
                0x08000240                __aeabi_idiv
                0x0800040c                __aeabi_idivmod
 .text          0x08000414        0x4 D:/Program Files/STM32CubeIDE_1.18.1/STM32CubeIDE/plugins/com.st.stm32cube.ide.mcu.externaltools.gnu-tools-for-stm32.13.3.rel1.win32_1.0.0.202411081344/tools/bin/../lib/gcc/arm-none-eabi/13.3.1/thumb/v6-m/nofp\libgcc.a(_dvmd_tls.o)
                0x08000414                __aeabi_idiv0
                0x08000414                __aeabi_ldiv0
 .text          0x08000418       0x74 D:/Program Files/STM32CubeIDE_1.18.1/STM32CubeIDE/plugins/com.st.stm32cube.ide.mcu.externaltools.gnu-tools-for-stm32.13.3.rel1.win32_1.0.0.202411081344/tools/bin/../lib/gcc/arm-none-eabi/13.3.1/thumb/v6-m/nofp\libgcc.a(_arm_cmpsf2.o)
                0x08000418                __aeabi_cfrcmple
                0x08000420                __aeabi_cfcmpeq
                0x08000420                __aeabi_cfcmple
                0x08000430                __aeabi_fcmpeq
                0x0800043c                __aeabi_fcmplt
                0x08000450                __aeabi_fcmple
                0x08000464                __aeabi_fcmpgt
                0x08000478                __aeabi_fcmpge
 .text          0x0800048c       0x3c D:/Program Files/STM32CubeIDE_1.18.1/STM32CubeIDE/plugins/com.st.stm32cube.ide.mcu.externaltools.gnu-tools-for-stm32.13.3.rel1.win32_1.0.0.202411081344/tools/bin/../lib/gcc/arm-none-eabi/13.3.1/thumb/v6-m/nofp\libgcc.a(_clzsi2.o)
                0x0800048c                __clzsi2
 .text          0x080004c8       0x40 D:/Program Files/STM32CubeIDE_1.18.1/STM32CubeIDE/plugins/com.st.stm32cube.ide.mcu.externaltools.gnu-tools-for-stm32.13.3.rel1.win32_1.0.0.202411081344/tools/bin/../lib/gcc/arm-none-eabi/13.3.1/thumb/v6-m/nofp\libgcc.a(_aeabi_uldivmod.o)
                0x080004c8                __aeabi_uldivmod
 .text          0x08000508       0x3c D:/Program Files/STM32CubeIDE_1.18.1/STM32CubeIDE/plugins/com.st.stm32cube.ide.mcu.externaltools.gnu-tools-for-stm32.13.3.rel1.win32_1.0.0.202411081344/tools/bin/../lib/gcc/arm-none-eabi/13.3.1/thumb/v6-m/nofp\libgcc.a(_fixunsdfsi.o)
                0x08000508                __aeabi_d2uiz
                0x08000508                __fixunsdfsi
 .text          0x08000544      0x198 D:/Program Files/STM32CubeIDE_1.18.1/STM32CubeIDE/plugins/com.st.stm32cube.ide.mcu.externaltools.gnu-tools-for-stm32.13.3.rel1.win32_1.0.0.202411081344/tools/bin/../lib/gcc/arm-none-eabi/13.3.1/thumb/v6-m/nofp\libgcc.a(_udivmoddi4.o)
                0x08000544                __udivmoddi4
 .text          0x080006dc      0x22c D:/Program Files/STM32CubeIDE_1.18.1/STM32CubeIDE/plugins/com.st.stm32cube.ide.mcu.externaltools.gnu-tools-for-stm32.13.3.rel1.win32_1.0.0.202411081344/tools/bin/../lib/gcc/arm-none-eabi/13.3.1/thumb/v6-m/nofp\libgcc.a(divsf3.o)
                0x080006dc                __aeabi_fdiv
 .text          0x08000908       0x50 D:/Program Files/STM32CubeIDE_1.18.1/STM32CubeIDE/plugins/com.st.stm32cube.ide.mcu.externaltools.gnu-tools-for-stm32.13.3.rel1.win32_1.0.0.202411081344/tools/bin/../lib/gcc/arm-none-eabi/13.3.1/thumb/v6-m/nofp\libgcc.a(eqsf2.o)
                0x08000908                __eqsf2
                0x08000908                __nesf2
 .text          0x08000958       0x90 D:/Program Files/STM32CubeIDE_1.18.1/STM32CubeIDE/plugins/com.st.stm32cube.ide.mcu.externaltools.gnu-tools-for-stm32.13.3.rel1.win32_1.0.0.202411081344/tools/bin/../lib/gcc/arm-none-eabi/13.3.1/thumb/v6-m/nofp\libgcc.a(gesf2.o)
                0x08000958                __gesf2
                0x08000958                __gtsf2
 .text          0x080009e8       0x90 D:/Program Files/STM32CubeIDE_1.18.1/STM32CubeIDE/plugins/com.st.stm32cube.ide.mcu.externaltools.gnu-tools-for-stm32.13.3.rel1.win32_1.0.0.202411081344/tools/bin/../lib/gcc/arm-none-eabi/13.3.1/thumb/v6-m/nofp\libgcc.a(lesf2.o)
                0x080009e8                __ltsf2
                0x080009e8                __lesf2
 .text          0x08000a78      0x2b4 D:/Program Files/STM32CubeIDE_1.18.1/STM32CubeIDE/plugins/com.st.stm32cube.ide.mcu.externaltools.gnu-tools-for-stm32.13.3.rel1.win32_1.0.0.202411081344/tools/bin/../lib/gcc/arm-none-eabi/13.3.1/thumb/v6-m/nofp\libgcc.a(mulsf3.o)
                0x08000a78                __aeabi_fmul
 .text          0x08000d2c       0x40 D:/Program Files/STM32CubeIDE_1.18.1/STM32CubeIDE/plugins/com.st.stm32cube.ide.mcu.externaltools.gnu-tools-for-stm32.13.3.rel1.win32_1.0.0.202411081344/tools/bin/../lib/gcc/arm-none-eabi/13.3.1/thumb/v6-m/nofp\libgcc.a(fixsfsi.o)
                0x08000d2c                __aeabi_f2iz
 .text          0x08000d6c       0x8c D:/Program Files/STM32CubeIDE_1.18.1/STM32CubeIDE/plugins/com.st.stm32cube.ide.mcu.externaltools.gnu-tools-for-stm32.13.3.rel1.win32_1.0.0.202411081344/tools/bin/../lib/gcc/arm-none-eabi/13.3.1/thumb/v6-m/nofp\libgcc.a(floatunsisf.o)
                0x08000d6c                __aeabi_ui2f
 .text          0x08000df8      0x5cc D:/Program Files/STM32CubeIDE_1.18.1/STM32CubeIDE/plugins/com.st.stm32cube.ide.mcu.externaltools.gnu-tools-for-stm32.13.3.rel1.win32_1.0.0.202411081344/tools/bin/../lib/gcc/arm-none-eabi/13.3.1/thumb/v6-m/nofp\libgcc.a(muldf3.o)
                0x08000df8                __aeabi_dmul
 .text          0x080013c4      0x814 D:/Program Files/STM32CubeIDE_1.18.1/STM32CubeIDE/plugins/com.st.stm32cube.ide.mcu.externaltools.gnu-tools-for-stm32.13.3.rel1.win32_1.0.0.202411081344/tools/bin/../lib/gcc/arm-none-eabi/13.3.1/thumb/v6-m/nofp\libgcc.a(subdf3.o)
                0x080013c4                __aeabi_dsub
 .text          0x08001bd8       0x78 D:/Program Files/STM32CubeIDE_1.18.1/STM32CubeIDE/plugins/com.st.stm32cube.ide.mcu.externaltools.gnu-tools-for-stm32.13.3.rel1.win32_1.0.0.202411081344/tools/bin/../lib/gcc/arm-none-eabi/13.3.1/thumb/v6-m/nofp\libgcc.a(fixdfsi.o)
                0x08001bd8                __aeabi_d2iz
 .text          0x08001c50       0x5c D:/Program Files/STM32CubeIDE_1.18.1/STM32CubeIDE/plugins/com.st.stm32cube.ide.mcu.externaltools.gnu-tools-for-stm32.13.3.rel1.win32_1.0.0.202411081344/tools/bin/../lib/gcc/arm-none-eabi/13.3.1/thumb/v6-m/nofp\libgcc.a(floatsidf.o)
                0x08001c50                __aeabi_i2d
 .text          0x08001cac       0x90 D:/Program Files/STM32CubeIDE_1.18.1/STM32CubeIDE/plugins/com.st.stm32cube.ide.mcu.externaltools.gnu-tools-for-stm32.13.3.rel1.win32_1.0.0.202411081344/tools/bin/../lib/gcc/arm-none-eabi/13.3.1/thumb/v6-m/nofp\libgcc.a(extendsfdf2.o)
                0x08001cac                __aeabi_f2d
 .text          0x08001d3c      0x104 D:/Program Files/STM32CubeIDE_1.18.1/STM32CubeIDE/plugins/com.st.stm32cube.ide.mcu.externaltools.gnu-tools-for-stm32.13.3.rel1.win32_1.0.0.202411081344/tools/bin/../lib/gcc/arm-none-eabi/13.3.1/thumb/v6-m/nofp\libgcc.a(truncdfsf2.o)
                0x08001d3c                __aeabi_d2f
 .text          0x08001e40       0x7c D:/Program Files/STM32CubeIDE_1.18.1/STM32CubeIDE/plugins/com.st.stm32cube.ide.mcu.externaltools.gnu-tools-for-stm32.13.3.rel1.win32_1.0.0.202411081344/tools/bin/../lib/gcc/arm-none-eabi/13.3.1/thumb/v6-m/nofp\libgcc.a(_arm_cmpdf2.o)
                0x08001e40                __aeabi_cdrcmple
                0x08001e50                __aeabi_cdcmple
                0x08001e50                __aeabi_cdcmpeq
                0x08001e60                __aeabi_dcmpeq
                0x08001e6c                __aeabi_dcmplt
                0x08001e80                __aeabi_dcmple
                0x08001e94                __aeabi_dcmpgt
                0x08001ea8                __aeabi_dcmpge
 .text          0x08001ebc       0x18 D:/Program Files/STM32CubeIDE_1.18.1/STM32CubeIDE/plugins/com.st.stm32cube.ide.mcu.externaltools.gnu-tools-for-stm32.13.3.rel1.win32_1.0.0.202411081344/tools/bin/../lib/gcc/arm-none-eabi/13.3.1/thumb/v6-m/nofp\libgcc.a(_clzdi2.o)
                0x08001ebc                __clzdi2
 .text          0x08001ed4       0x88 D:/Program Files/STM32CubeIDE_1.18.1/STM32CubeIDE/plugins/com.st.stm32cube.ide.mcu.externaltools.gnu-tools-for-stm32.13.3.rel1.win32_1.0.0.202411081344/tools/bin/../lib/gcc/arm-none-eabi/13.3.1/thumb/v6-m/nofp\libgcc.a(eqdf2.o)
                0x08001ed4                __nedf2
                0x08001ed4                __eqdf2
 .text          0x08001f5c       0xe0 D:/Program Files/STM32CubeIDE_1.18.1/STM32CubeIDE/plugins/com.st.stm32cube.ide.mcu.externaltools.gnu-tools-for-stm32.13.3.rel1.win32_1.0.0.202411081344/tools/bin/../lib/gcc/arm-none-eabi/13.3.1/thumb/v6-m/nofp\libgcc.a(gedf2.o)
                0x08001f5c                __gedf2
                0x08001f5c                __gtdf2
 .text          0x0800203c       0xdc D:/Program Files/STM32CubeIDE_1.18.1/STM32CubeIDE/plugins/com.st.stm32cube.ide.mcu.externaltools.gnu-tools-for-stm32.13.3.rel1.win32_1.0.0.202411081344/tools/bin/../lib/gcc/arm-none-eabi/13.3.1/thumb/v6-m/nofp\libgcc.a(ledf2.o)
                0x0800203c                __ledf2
                0x0800203c                __ltdf2
 *(.text*)
 .text.StartDefaultTask
                0x08002118       0x64 ./Components/Application/Src/dev_appl.o
                0x08002118                StartDefaultTask
 .text.initialise_eicher_task
                0x0800217c       0x7c ./Components/Eicher/src/eicher.o
                0x0800217c                initialise_eicher_task
 .text.eicher_receive_message_task
                0x080021f8       0x34 ./Components/Eicher/src/eicher.o
 .text.eicher_tx_message_task
                0x0800222c       0x48 ./Components/Eicher/src/eicher.o
 .text.update_eicher_application_parameter_list
                0x08002274      0x2a0 ./Components/Eicher/src/eicher.o
                0x08002274                update_eicher_application_parameter_list
 .text.hexArrayToHexString
                0x08002514       0x48 ./Components/Eicher/src/eicher.o
                0x08002514                hexArrayToHexString
 .text.CalculateRTCSecValue
                0x0800255c       0x58 ./Components/Eicher/src/eicher.o
 .text.CalculateRTCMinValue
                0x080025b4       0x2c ./Components/Eicher/src/eicher.o
 .text.CalculateRTCHourValue
                0x080025e0       0x2c ./Components/Eicher/src/eicher.o
 .text.CalculateRTCMonthValue
                0x0800260c       0x2c ./Components/Eicher/src/eicher.o
 .text.CalculateRTCYearValue
                0x08002638       0x2c ./Components/Eicher/src/eicher.o
 .text.CalculateRTCDayValue
                0x08002664       0x58 ./Components/Eicher/src/eicher.o
 .text.CalculateRTCMinOffValue
                0x080026bc       0x2c ./Components/Eicher/src/eicher.o
 .text.CalculateRTCHourOffValue
                0x080026e8       0x2c ./Components/Eicher/src/eicher.o
 .text.CalCulateRpm
                0x08002714       0x58 ./Components/Eicher/src/eicher.o
 .text.CalCulateCTM
                0x0800276c       0x44 ./Components/Eicher/src/eicher.o
 .text.CalCulateHours
                0x080027b0       0x78 ./Components/Eicher/src/eicher.o
 .text.CalCulateVehicleSpeed
                0x08002828       0x80 ./Components/Eicher/src/eicher.o
 .text.CalCulateOdo
                0x080028a8       0x74 ./Components/Eicher/src/eicher.o
 .text.CalculateFuelLevValue
                0x0800291c       0x64 ./Components/Eicher/src/eicher.o
 .text.CalculateOilPressure
                0x08002980       0x38 ./Components/Eicher/src/eicher.o
 .text.CalCulateBattVolt
                0x080029b8       0x78 ./Components/Eicher/src/eicher.o
 .text.CalculateEngCoolantLevValue
                0x08002a30       0x5c ./Components/Eicher/src/eicher.o
 .text.CalculateUreaQuality
                0x08002a8c       0x48 ./Components/Eicher/src/eicher.o
 .text.CalEngTotalIdelFuelUsed
                0x08002ad4       0x64 ./Components/Eicher/src/eicher.o
 .text.CalEngTotalIdelHoursValue
                0x08002b38       0x78 ./Components/Eicher/src/eicher.o
 .text.CalculateHex18FD7C00
                0x08002bb0       0x24 ./Components/Eicher/src/eicher.o
                0x08002bb0                CalculateHex18FD7C00
 .text.CalAfterTreatmentTemperature
                0x08002bd4       0x44 ./Components/Eicher/src/eicher.o
 .text.CalAfterTreatmentFluidLev
                0x08002c18       0x78 ./Components/Eicher/src/eicher.o
 .text.Catalystupstreamtemperature
                0x08002c90       0x8c ./Components/Eicher/src/eicher.o
 .text.CalIntakeAirtempretaure
                0x08002d1c       0x44 ./Components/Eicher/src/eicher.o
 .text.Calculate_HRLFC_value
                0x08002d60       0x78 ./Components/Eicher/src/eicher.o
 .text.Calculate_Fan_Speed
                0x08002dd8       0x6c ./Components/Eicher/src/eicher.o
 .text.CalAccelPedalPos
                0x08002e44       0x58 ./Components/Eicher/src/eicher.o
 .text.ActualEnginePercentTorque
                0x08002e9c       0x3c ./Components/Eicher/src/eicher.o
 .text.EngineDemandPercentTorque
                0x08002ed8       0x3c ./Components/Eicher/src/eicher.o
 .text.get_vehicle_data_JSON_string
                0x08002f14      0x1d4 ./Components/Eicher/src/eicher.o
                0x08002f14                get_vehicle_data_JSON_string
 .text.GetEngineStatus
                0x080030e8       0x28 ./Components/Eicher/src/eicher.o
                0x080030e8                GetEngineStatus
 .text.reset_application_parameter_list
                0x08003110       0x1c ./Components/Eicher/src/eicher.o
                0x08003110                reset_application_parameter_list
 .text.init_lora_module
                0x0800312c      0x114 ./Components/LORA/Src/lora_com.o
                0x0800312c                init_lora_module
 .text.lora_send_packet
                0x08003240       0xb0 ./Components/LORA/Src/lora_com.o
                0x08003240                lora_send_packet
 .text.LORA_Check_Multi_Line_Reply
                0x080032f0       0x2e ./Components/LORA/Src/lora_com.o
 .text.LORA_Wait_For_Reply
                0x0800331e       0x32 ./Components/LORA/Src/lora_com.o
 .text.LORA_Wait_For_Lines
                0x08003350       0x3e ./Components/LORA/Src/lora_com.o
 *fill*         0x0800338e        0x2 
 .text.LORA_read_Reply
                0x08003390      0x14c ./Components/LORA/Src/lora_com.o
 .text.LORA_read_Lines
                0x080034dc      0x190 ./Components/LORA/Src/lora_com.o
 .text.LORA_flush
                0x0800366c        0xe ./Components/LORA/Src/lora_com.o
                0x0800366c                LORA_flush
 *fill*         0x0800367a        0x2 
 .text.lora_init_uart
                0x0800367c       0x3c ./Components/LORA/Src/lora_uart_interface.o
                0x0800367c                lora_init_uart
 .text.uart_push_data
                0x080036b8       0x28 ./Components/LORA/Src/lora_uart_interface.o
                0x080036b8                uart_push_data
 .text.lora_uart_send_frame
                0x080036e0       0x60 ./Components/LORA/Src/lora_uart_interface.o
                0x080036e0                lora_uart_send_frame
 .text.lora_uart_data_available
                0x08003740       0x14 ./Components/LORA/Src/lora_uart_interface.o
                0x08003740                lora_uart_data_available
 .text.lora_uart_data_read
                0x08003754       0x28 ./Components/LORA/Src/lora_uart_interface.o
                0x08003754                lora_uart_data_read
 .text.lora_uart_data_flush
                0x0800377c       0x24 ./Components/LORA/Src/lora_uart_interface.o
                0x0800377c                lora_uart_data_flush
 .text.lora_rx_buf_init
                0x080037a0       0x5a ./Components/LORA/Src/lora_uart_interface.o
 .text.lora_rx_buf_push_data
                0x080037fa       0x6a ./Components/LORA/Src/lora_uart_interface.o
 .text.lora_rx_buf_pop_data
                0x08003864       0x62 ./Components/LORA/Src/lora_uart_interface.o
 *fill*         0x080038c6        0x2 
 .text.initialise_can_interface
                0x080038c8       0xb4 ./Components/can_tp/src/can_interface.o
                0x080038c8                initialise_can_interface
 .text.can_Rx_task
                0x0800397c       0x64 ./Components/can_tp/src/can_interface.o
 .text.can_tx_task
                0x080039e0       0x68 ./Components/can_tp/src/can_interface.o
 .text.FDCan_Config
                0x08003a48       0x50 ./Components/can_tp/src/can_interface.o
 .text.canbus_set_tx_header
                0x08003a98       0x44 ./Components/can_tp/src/can_interface.o
                0x08003a98                canbus_set_tx_header
 .text.Can_driver_status_and_recovery_scheduler
                0x08003adc       0xd4 ./Components/can_tp/src/can_interface.o
 .text.main     0x08003bb0       0x60 ./Core/Src/main.o
                0x08003bb0                main
 .text.SystemClock_Config
                0x08003c10       0xd0 ./Core/Src/main.o
                0x08003c10                SystemClock_Config
 .text.MX_ADC1_Init
                0x08003ce0       0xd8 ./Core/Src/main.o
 .text.MX_FDCAN2_Init
                0x08003db8       0x90 ./Core/Src/main.o
                0x08003db8                MX_FDCAN2_Init
 .text.MX_RTC_Init
                0x08003e48       0xd8 ./Core/Src/main.o
 .text.MX_SPI2_Init
                0x08003f20       0x7c ./Core/Src/main.o
 .text.MX_TIM16_Init
                0x08003f9c       0x50 ./Core/Src/main.o
 .text.MX_USART1_UART_Init
                0x08003fec       0x9c ./Core/Src/main.o
 .text.MX_GPIO_Init
                0x08004088      0x144 ./Core/Src/main.o
 .text.HAL_UART_RxCpltCallback
                0x080041cc       0x3c ./Core/Src/main.o
                0x080041cc                HAL_UART_RxCpltCallback
 .text.HAL_TIM_PeriodElapsedCallback
                0x08004208       0xa0 ./Core/Src/main.o
                0x08004208                HAL_TIM_PeriodElapsedCallback
 .text.Error_Handler
                0x080042a8        0xc ./Core/Src/main.o
                0x080042a8                Error_Handler
 .text.HAL_MspInit
                0x080042b4       0x60 ./Core/Src/stm32g0xx_hal_msp.o
                0x080042b4                HAL_MspInit
 .text.HAL_ADC_MspInit
                0x08004314       0x88 ./Core/Src/stm32g0xx_hal_msp.o
                0x08004314                HAL_ADC_MspInit
 .text.HAL_FDCAN_MspInit
                0x0800439c       0xc4 ./Core/Src/stm32g0xx_hal_msp.o
                0x0800439c                HAL_FDCAN_MspInit
 .text.HAL_RTC_MspInit
                0x08004460       0x7c ./Core/Src/stm32g0xx_hal_msp.o
                0x08004460                HAL_RTC_MspInit
 .text.HAL_SPI_MspInit
                0x080044dc       0x98 ./Core/Src/stm32g0xx_hal_msp.o
                0x080044dc                HAL_SPI_MspInit
 .text.HAL_TIM_Base_MspInit
                0x08004574       0x40 ./Core/Src/stm32g0xx_hal_msp.o
                0x08004574                HAL_TIM_Base_MspInit
 .text.HAL_UART_MspInit
                0x080045b4       0xd4 ./Core/Src/stm32g0xx_hal_msp.o
                0x080045b4                HAL_UART_MspInit
 .text.HAL_InitTick
                0x08004688      0x10c ./Core/Src/stm32g0xx_hal_timebase_tim.o
                0x08004688                HAL_InitTick
 .text.NMI_Handler
                0x08004794        0x8 ./Core/Src/stm32g0xx_it.o
                0x08004794                NMI_Handler
 .text.HardFault_Handler
                0x0800479c        0x8 ./Core/Src/stm32g0xx_it.o
                0x0800479c                HardFault_Handler
 .text.TIM14_IRQHandler
                0x080047a4       0x18 ./Core/Src/stm32g0xx_it.o
                0x080047a4                TIM14_IRQHandler
 .text.USART1_IRQHandler
                0x080047bc       0x18 ./Core/Src/stm32g0xx_it.o
                0x080047bc                USART1_IRQHandler
 .text._sbrk    0x080047d4       0x6c ./Core/Src/sysmem.o
                0x080047d4                _sbrk
 .text.print_logln
                0x08004840       0x12 ./Core/Src/system_logging.o
                0x08004840                print_logln
 .text.SystemInit
                0x08004852        0xa ./Core/Src/system_stm32g0xx.o
                0x08004852                SystemInit
 .text.swapBytesHexArray
                0x0800485c       0x4a ./Core/Src/system_util.o
                0x0800485c                swapBytesHexArray
 .text.hexToDecimal
                0x080048a6       0x42 ./Core/Src/system_util.o
                0x080048a6                hexToDecimal
 .text.Reset_Handler
                0x080048e8       0x50 ./Core/Startup/startup_stm32g0b1cetx.o
                0x080048e8                Reset_Handler
 .text.Default_Handler
                0x08004938        0x2 ./Core/Startup/startup_stm32g0b1cetx.o
                0x08004938                I2C2_3_IRQHandler
                0x08004938                USART3_4_5_6_LPUART1_IRQHandler
                0x08004938                TIM1_CC_IRQHandler
                0x08004938                ADC1_COMP_IRQHandler
                0x08004938                I2C1_IRQHandler
                0x08004938                TIM7_LPTIM2_IRQHandler
                0x08004938                TIM17_FDCAN_IT1_IRQHandler
                0x08004938                DMA1_Ch4_7_DMA2_Ch1_5_DMAMUX1_OVR_IRQHandler
                0x08004938                RCC_CRS_IRQHandler
                0x08004938                RTC_TAMP_IRQHandler
                0x08004938                SPI1_IRQHandler
                0x08004938                USB_UCPD1_2_IRQHandler
                0x08004938                EXTI2_3_IRQHandler
                0x08004938                USART2_LPUART2_IRQHandler
                0x08004938                PVD_VDDIO2_IRQHandler
                0x08004938                EXTI4_15_IRQHandler
                0x08004938                DMA1_Channel1_IRQHandler
                0x08004938                Default_Handler
                0x08004938                CEC_IRQHandler
                0x08004938                TIM15_IRQHandler
                0x08004938                TIM3_TIM4_IRQHandler
                0x08004938                EXTI0_1_IRQHandler
                0x08004938                SPI2_3_IRQHandler
                0x08004938                TIM6_DAC_LPTIM1_IRQHandler
                0x08004938                WWDG_IRQHandler
                0x08004938                TIM2_IRQHandler
                0x08004938                DMA1_Channel2_3_IRQHandler
                0x08004938                FLASH_IRQHandler
                0x08004938                TIM16_FDCAN_IT0_IRQHandler
                0x08004938                TIM1_BRK_UP_TRG_COM_IRQHandler
 *fill*         0x0800493a        0x2 
 .text.HAL_Init
                0x0800493c       0x40 ./Drivers/STM32G0xx_HAL_Driver/Src/stm32g0xx_hal.o
                0x0800493c                HAL_Init
 .text.HAL_IncTick
                0x0800497c       0x24 ./Drivers/STM32G0xx_HAL_Driver/Src/stm32g0xx_hal.o
                0x0800497c                HAL_IncTick
 .text.HAL_GetTick
                0x080049a0       0x14 ./Drivers/STM32G0xx_HAL_Driver/Src/stm32g0xx_hal.o
                0x080049a0                HAL_GetTick
 .text.HAL_SYSCFG_StrobeDBattpinsConfig
                0x080049b4       0x2c ./Drivers/STM32G0xx_HAL_Driver/Src/stm32g0xx_hal.o
                0x080049b4                HAL_SYSCFG_StrobeDBattpinsConfig
 .text.LL_ADC_SetCommonPathInternalCh
                0x080049e0       0x28 ./Drivers/STM32G0xx_HAL_Driver/Src/stm32g0xx_hal_adc.o
 .text.LL_ADC_GetCommonPathInternalCh
                0x08004a08       0x1a ./Drivers/STM32G0xx_HAL_Driver/Src/stm32g0xx_hal_adc.o
 .text.LL_ADC_SetSamplingTimeCommonChannels
                0x08004a22       0x3a ./Drivers/STM32G0xx_HAL_Driver/Src/stm32g0xx_hal_adc.o
 .text.LL_ADC_GetSamplingTimeCommonChannels
                0x08004a5c       0x2e ./Drivers/STM32G0xx_HAL_Driver/Src/stm32g0xx_hal_adc.o
 .text.LL_ADC_REG_SetSequencerRanks
                0x08004a8a       0x40 ./Drivers/STM32G0xx_HAL_Driver/Src/stm32g0xx_hal_adc.o
 .text.LL_ADC_REG_SetSequencerChAdd
                0x08004aca       0x22 ./Drivers/STM32G0xx_HAL_Driver/Src/stm32g0xx_hal_adc.o
 .text.LL_ADC_REG_SetSequencerChRem
                0x08004aec       0x24 ./Drivers/STM32G0xx_HAL_Driver/Src/stm32g0xx_hal_adc.o
 .text.LL_ADC_SetChannelSamplingTime
                0x08004b10       0x38 ./Drivers/STM32G0xx_HAL_Driver/Src/stm32g0xx_hal_adc.o
 .text.LL_ADC_EnableInternalRegulator
                0x08004b48       0x28 ./Drivers/STM32G0xx_HAL_Driver/Src/stm32g0xx_hal_adc.o
 .text.LL_ADC_IsInternalRegulatorEnabled
                0x08004b70       0x28 ./Drivers/STM32G0xx_HAL_Driver/Src/stm32g0xx_hal_adc.o
 .text.LL_ADC_IsEnabled
                0x08004b98       0x22 ./Drivers/STM32G0xx_HAL_Driver/Src/stm32g0xx_hal_adc.o
 .text.LL_ADC_REG_IsConversionOngoing
                0x08004bba       0x22 ./Drivers/STM32G0xx_HAL_Driver/Src/stm32g0xx_hal_adc.o
 .text.HAL_ADC_Init
                0x08004bdc      0x350 ./Drivers/STM32G0xx_HAL_Driver/Src/stm32g0xx_hal_adc.o
                0x08004bdc                HAL_ADC_Init
 .text.HAL_ADC_ConfigChannel
                0x08004f2c      0x3b0 ./Drivers/STM32G0xx_HAL_Driver/Src/stm32g0xx_hal_adc.o
                0x08004f2c                HAL_ADC_ConfigChannel
 .text.__NVIC_EnableIRQ
                0x080052dc       0x34 ./Drivers/STM32G0xx_HAL_Driver/Src/stm32g0xx_hal_cortex.o
 .text.__NVIC_SetPriority
                0x08005310       0xdc ./Drivers/STM32G0xx_HAL_Driver/Src/stm32g0xx_hal_cortex.o
 .text.HAL_NVIC_SetPriority
                0x080053ec       0x2a ./Drivers/STM32G0xx_HAL_Driver/Src/stm32g0xx_hal_cortex.o
                0x080053ec                HAL_NVIC_SetPriority
 .text.HAL_NVIC_EnableIRQ
                0x08005416       0x20 ./Drivers/STM32G0xx_HAL_Driver/Src/stm32g0xx_hal_cortex.o
                0x08005416                HAL_NVIC_EnableIRQ
 *fill*         0x08005436        0x2 
 .text.HAL_DMA_Abort
                0x08005438       0xc0 ./Drivers/STM32G0xx_HAL_Driver/Src/stm32g0xx_hal_dma.o
                0x08005438                HAL_DMA_Abort
 .text.HAL_DMA_Abort_IT
                0x080054f8       0xd0 ./Drivers/STM32G0xx_HAL_Driver/Src/stm32g0xx_hal_dma.o
                0x080054f8                HAL_DMA_Abort_IT
 .text.HAL_FDCAN_Init
                0x080055c8      0x2cc ./Drivers/STM32G0xx_HAL_Driver/Src/stm32g0xx_hal_fdcan.o
                0x080055c8                HAL_FDCAN_Init
 .text.HAL_FDCAN_ConfigFilter
                0x08005894       0xba ./Drivers/STM32G0xx_HAL_Driver/Src/stm32g0xx_hal_fdcan.o
                0x08005894                HAL_FDCAN_ConfigFilter
 .text.HAL_FDCAN_Start
                0x0800594e       0x4c ./Drivers/STM32G0xx_HAL_Driver/Src/stm32g0xx_hal_fdcan.o
                0x0800594e                HAL_FDCAN_Start
 .text.HAL_FDCAN_Stop
                0x0800599a       0xda ./Drivers/STM32G0xx_HAL_Driver/Src/stm32g0xx_hal_fdcan.o
                0x0800599a                HAL_FDCAN_Stop
 .text.HAL_FDCAN_AddMessageToTxFifoQ
                0x08005a74       0x8a ./Drivers/STM32G0xx_HAL_Driver/Src/stm32g0xx_hal_fdcan.o
                0x08005a74                HAL_FDCAN_AddMessageToTxFifoQ
 *fill*         0x08005afe        0x2 
 .text.HAL_FDCAN_GetRxMessage
                0x08005b00      0x22c ./Drivers/STM32G0xx_HAL_Driver/Src/stm32g0xx_hal_fdcan.o
                0x08005b00                HAL_FDCAN_GetRxMessage
 .text.HAL_FDCAN_GetProtocolStatus
                0x08005d2c       0x9c ./Drivers/STM32G0xx_HAL_Driver/Src/stm32g0xx_hal_fdcan.o
                0x08005d2c                HAL_FDCAN_GetProtocolStatus
 .text.HAL_FDCAN_GetRxFifoFillLevel
                0x08005dc8       0x38 ./Drivers/STM32G0xx_HAL_Driver/Src/stm32g0xx_hal_fdcan.o
                0x08005dc8                HAL_FDCAN_GetRxFifoFillLevel
 .text.FDCAN_CalcultateRamBlockAddresses
                0x08005e00       0xd8 ./Drivers/STM32G0xx_HAL_Driver/Src/stm32g0xx_hal_fdcan.o
 .text.FDCAN_CopyMessageToRAM
                0x08005ed8       0xf8 ./Drivers/STM32G0xx_HAL_Driver/Src/stm32g0xx_hal_fdcan.o
 .text.HAL_GPIO_Init
                0x08005fd0      0x2d8 ./Drivers/STM32G0xx_HAL_Driver/Src/stm32g0xx_hal_gpio.o
                0x08005fd0                HAL_GPIO_Init
 .text.HAL_GPIO_WritePin
                0x080062a8       0x3a ./Drivers/STM32G0xx_HAL_Driver/Src/stm32g0xx_hal_gpio.o
                0x080062a8                HAL_GPIO_WritePin
 *fill*         0x080062e2        0x2 
 .text.HAL_IWDG_Refresh
                0x080062e4       0x20 ./Drivers/STM32G0xx_HAL_Driver/Src/stm32g0xx_hal_iwdg.o
                0x080062e4                HAL_IWDG_Refresh
 .text.HAL_PWR_EnableBkUpAccess
                0x08006304       0x1c ./Drivers/STM32G0xx_HAL_Driver/Src/stm32g0xx_hal_pwr.o
                0x08006304                HAL_PWR_EnableBkUpAccess
 .text.HAL_PWREx_ControlVoltageScaling
                0x08006320       0x80 ./Drivers/STM32G0xx_HAL_Driver/Src/stm32g0xx_hal_pwr_ex.o
                0x08006320                HAL_PWREx_ControlVoltageScaling
 .text.LL_RCC_GetAPB1Prescaler
                0x080063a0       0x18 ./Drivers/STM32G0xx_HAL_Driver/Src/stm32g0xx_hal_rcc.o
 .text.HAL_RCC_OscConfig
                0x080063b8      0x6c0 ./Drivers/STM32G0xx_HAL_Driver/Src/stm32g0xx_hal_rcc.o
                0x080063b8                HAL_RCC_OscConfig
 .text.HAL_RCC_ClockConfig
                0x08006a78      0x210 ./Drivers/STM32G0xx_HAL_Driver/Src/stm32g0xx_hal_rcc.o
                0x08006a78                HAL_RCC_ClockConfig
 .text.HAL_RCC_GetSysClockFreq
                0x08006c88      0x104 ./Drivers/STM32G0xx_HAL_Driver/Src/stm32g0xx_hal_rcc.o
                0x08006c88                HAL_RCC_GetSysClockFreq
 .text.HAL_RCC_GetHCLKFreq
                0x08006d8c       0x14 ./Drivers/STM32G0xx_HAL_Driver/Src/stm32g0xx_hal_rcc.o
                0x08006d8c                HAL_RCC_GetHCLKFreq
 .text.HAL_RCC_GetPCLK1Freq
                0x08006da0       0x2c ./Drivers/STM32G0xx_HAL_Driver/Src/stm32g0xx_hal_rcc.o
                0x08006da0                HAL_RCC_GetPCLK1Freq
 .text.HAL_RCC_GetClockConfig
                0x08006dcc       0x54 ./Drivers/STM32G0xx_HAL_Driver/Src/stm32g0xx_hal_rcc.o
                0x08006dcc                HAL_RCC_GetClockConfig
 .text.HAL_RCCEx_PeriphCLKConfig
                0x08006e20      0x478 ./Drivers/STM32G0xx_HAL_Driver/Src/stm32g0xx_hal_rcc_ex.o
                0x08006e20                HAL_RCCEx_PeriphCLKConfig
 .text.HAL_RTC_Init
                0x08007298      0x144 ./Drivers/STM32G0xx_HAL_Driver/Src/stm32g0xx_hal_rtc.o
                0x08007298                HAL_RTC_Init
 .text.HAL_RTC_SetTime
                0x080073dc      0x150 ./Drivers/STM32G0xx_HAL_Driver/Src/stm32g0xx_hal_rtc.o
                0x080073dc                HAL_RTC_SetTime
 .text.HAL_RTC_SetDate
                0x0800752c      0x124 ./Drivers/STM32G0xx_HAL_Driver/Src/stm32g0xx_hal_rtc.o
                0x0800752c                HAL_RTC_SetDate
 .text.HAL_RTC_WaitForSynchro
                0x08007650       0x4c ./Drivers/STM32G0xx_HAL_Driver/Src/stm32g0xx_hal_rtc.o
                0x08007650                HAL_RTC_WaitForSynchro
 .text.RTC_EnterInitMode
                0x0800769c       0x84 ./Drivers/STM32G0xx_HAL_Driver/Src/stm32g0xx_hal_rtc.o
                0x0800769c                RTC_EnterInitMode
 .text.RTC_ExitInitMode
                0x08007720       0x88 ./Drivers/STM32G0xx_HAL_Driver/Src/stm32g0xx_hal_rtc.o
                0x08007720                RTC_ExitInitMode
 .text.RTC_ByteToBcd2
                0x080077a8       0x50 ./Drivers/STM32G0xx_HAL_Driver/Src/stm32g0xx_hal_rtc.o
                0x080077a8                RTC_ByteToBcd2
 .text.HAL_SPI_Init
                0x080077f8      0x170 ./Drivers/STM32G0xx_HAL_Driver/Src/stm32g0xx_hal_spi.o
                0x080077f8                HAL_SPI_Init
 .text.HAL_TIM_Base_Init
                0x08007968       0xb0 ./Drivers/STM32G0xx_HAL_Driver/Src/stm32g0xx_hal_tim.o
                0x08007968                HAL_TIM_Base_Init
 .text.HAL_TIM_Base_Start_IT
                0x08007a18       0xc4 ./Drivers/STM32G0xx_HAL_Driver/Src/stm32g0xx_hal_tim.o
                0x08007a18                HAL_TIM_Base_Start_IT
 .text.HAL_TIM_IRQHandler
                0x08007adc      0x210 ./Drivers/STM32G0xx_HAL_Driver/Src/stm32g0xx_hal_tim.o
                0x08007adc                HAL_TIM_IRQHandler
 .text.HAL_TIM_OC_DelayElapsedCallback
                0x08007cec       0x10 ./Drivers/STM32G0xx_HAL_Driver/Src/stm32g0xx_hal_tim.o
                0x08007cec                HAL_TIM_OC_DelayElapsedCallback
 .text.HAL_TIM_IC_CaptureCallback
                0x08007cfc       0x10 ./Drivers/STM32G0xx_HAL_Driver/Src/stm32g0xx_hal_tim.o
                0x08007cfc                HAL_TIM_IC_CaptureCallback
 .text.HAL_TIM_PWM_PulseFinishedCallback
                0x08007d0c       0x10 ./Drivers/STM32G0xx_HAL_Driver/Src/stm32g0xx_hal_tim.o
                0x08007d0c                HAL_TIM_PWM_PulseFinishedCallback
 .text.HAL_TIM_TriggerCallback
                0x08007d1c       0x10 ./Drivers/STM32G0xx_HAL_Driver/Src/stm32g0xx_hal_tim.o
                0x08007d1c                HAL_TIM_TriggerCallback
 .text.TIM_Base_SetConfig
                0x08007d2c      0x130 ./Drivers/STM32G0xx_HAL_Driver/Src/stm32g0xx_hal_tim.o
                0x08007d2c                TIM_Base_SetConfig
 .text.HAL_TIMEx_CommutCallback
                0x08007e5c       0x10 ./Drivers/STM32G0xx_HAL_Driver/Src/stm32g0xx_hal_tim_ex.o
                0x08007e5c                HAL_TIMEx_CommutCallback
 .text.HAL_TIMEx_BreakCallback
                0x08007e6c       0x10 ./Drivers/STM32G0xx_HAL_Driver/Src/stm32g0xx_hal_tim_ex.o
                0x08007e6c                HAL_TIMEx_BreakCallback
 .text.HAL_TIMEx_Break2Callback
                0x08007e7c       0x10 ./Drivers/STM32G0xx_HAL_Driver/Src/stm32g0xx_hal_tim_ex.o
                0x08007e7c                HAL_TIMEx_Break2Callback
 .text.HAL_UART_Init
                0x08007e8c       0xac ./Drivers/STM32G0xx_HAL_Driver/Src/stm32g0xx_hal_uart.o
                0x08007e8c                HAL_UART_Init
 .text.HAL_UART_Transmit
                0x08007f38      0x148 ./Drivers/STM32G0xx_HAL_Driver/Src/stm32g0xx_hal_uart.o
                0x08007f38                HAL_UART_Transmit
 .text.HAL_UART_Receive_IT
                0x08008080       0xcc ./Drivers/STM32G0xx_HAL_Driver/Src/stm32g0xx_hal_uart.o
                0x08008080                HAL_UART_Receive_IT
 .text.HAL_UART_IRQHandler
                0x0800814c      0x64c ./Drivers/STM32G0xx_HAL_Driver/Src/stm32g0xx_hal_uart.o
                0x0800814c                HAL_UART_IRQHandler
 .text.HAL_UART_TxCpltCallback
                0x08008798       0x10 ./Drivers/STM32G0xx_HAL_Driver/Src/stm32g0xx_hal_uart.o
                0x08008798                HAL_UART_TxCpltCallback
 .text.HAL_UART_ErrorCallback
                0x080087a8       0x10 ./Drivers/STM32G0xx_HAL_Driver/Src/stm32g0xx_hal_uart.o
                0x080087a8                HAL_UART_ErrorCallback
 .text.HAL_UARTEx_RxEventCallback
                0x080087b8       0x16 ./Drivers/STM32G0xx_HAL_Driver/Src/stm32g0xx_hal_uart.o
                0x080087b8                HAL_UARTEx_RxEventCallback
 *fill*         0x080087ce        0x2 
 .text.UART_SetConfig
                0x080087d0      0x6ac ./Drivers/STM32G0xx_HAL_Driver/Src/stm32g0xx_hal_uart.o
                0x080087d0                UART_SetConfig
 .text.UART_AdvFeatureConfig
                0x08008e7c      0x168 ./Drivers/STM32G0xx_HAL_Driver/Src/stm32g0xx_hal_uart.o
                0x08008e7c                UART_AdvFeatureConfig
 .text.UART_CheckIdleState
                0x08008fe4      0x154 ./Drivers/STM32G0xx_HAL_Driver/Src/stm32g0xx_hal_uart.o
                0x08008fe4                UART_CheckIdleState
 .text.UART_WaitOnFlagUntilTimeout
                0x08009138       0xde ./Drivers/STM32G0xx_HAL_Driver/Src/stm32g0xx_hal_uart.o
                0x08009138                UART_WaitOnFlagUntilTimeout
 *fill*         0x08009216        0x2 
 .text.UART_Start_Receive_IT
                0x08009218      0x248 ./Drivers/STM32G0xx_HAL_Driver/Src/stm32g0xx_hal_uart.o
                0x08009218                UART_Start_Receive_IT
 .text.UART_EndRxTransfer
                0x08009460       0xcc ./Drivers/STM32G0xx_HAL_Driver/Src/stm32g0xx_hal_uart.o
 .text.UART_DMAAbortOnError
                0x0800952c       0x2e ./Drivers/STM32G0xx_HAL_Driver/Src/stm32g0xx_hal_uart.o
 .text.UART_EndTransmit_IT
                0x0800955a       0x58 ./Drivers/STM32G0xx_HAL_Driver/Src/stm32g0xx_hal_uart.o
 *fill*         0x080095b2        0x2 
 .text.UART_RxISR_8BIT
                0x080095b4      0x1d4 ./Drivers/STM32G0xx_HAL_Driver/Src/stm32g0xx_hal_uart.o
 .text.UART_RxISR_16BIT
                0x08009788      0x1d4 ./Drivers/STM32G0xx_HAL_Driver/Src/stm32g0xx_hal_uart.o
 .text.UART_RxISR_8BIT_FIFOEN
                0x0800995c      0x34c ./Drivers/STM32G0xx_HAL_Driver/Src/stm32g0xx_hal_uart.o
 .text.UART_RxISR_16BIT_FIFOEN
                0x08009ca8      0x364 ./Drivers/STM32G0xx_HAL_Driver/Src/stm32g0xx_hal_uart.o
 .text.HAL_UARTEx_WakeupCallback
                0x0800a00c       0x10 ./Drivers/STM32G0xx_HAL_Driver/Src/stm32g0xx_hal_uart_ex.o
                0x0800a00c                HAL_UARTEx_WakeupCallback
 .text.HAL_UARTEx_RxFifoFullCallback
                0x0800a01c       0x10 ./Drivers/STM32G0xx_HAL_Driver/Src/stm32g0xx_hal_uart_ex.o
                0x0800a01c                HAL_UARTEx_RxFifoFullCallback
 .text.HAL_UARTEx_TxFifoEmptyCallback
                0x0800a02c       0x10 ./Drivers/STM32G0xx_HAL_Driver/Src/stm32g0xx_hal_uart_ex.o
                0x0800a02c                HAL_UARTEx_TxFifoEmptyCallback
 .text.HAL_UARTEx_DisableFifoMode
                0x0800a03c       0x74 ./Drivers/STM32G0xx_HAL_Driver/Src/stm32g0xx_hal_uart_ex.o
                0x0800a03c                HAL_UARTEx_DisableFifoMode
 .text.HAL_UARTEx_SetTxFifoThreshold
                0x0800a0b0       0x7e ./Drivers/STM32G0xx_HAL_Driver/Src/stm32g0xx_hal_uart_ex.o
                0x0800a0b0                HAL_UARTEx_SetTxFifoThreshold
 *fill*         0x0800a12e        0x2 
 .text.HAL_UARTEx_SetRxFifoThreshold
                0x0800a130       0x84 ./Drivers/STM32G0xx_HAL_Driver/Src/stm32g0xx_hal_uart_ex.o
                0x0800a130                HAL_UARTEx_SetRxFifoThreshold
 .text.UARTEx_SetNbDataToProcess
                0x0800a1b4       0xbc ./Drivers/STM32G0xx_HAL_Driver/Src/stm32g0xx_hal_uart_ex.o
 .text.__NVIC_SetPriority
                0x0800a270       0xdc ./Middlewares/Third_Party/FreeRTOS/Source/CMSIS_RTOS_V2/cmsis_os2.o
 .text.SysTick_Handler
                0x0800a34c       0x20 ./Middlewares/Third_Party/FreeRTOS/Source/CMSIS_RTOS_V2/cmsis_os2.o
                0x0800a34c                SysTick_Handler
 .text.SVC_Setup
                0x0800a36c       0x16 ./Middlewares/Third_Party/FreeRTOS/Source/CMSIS_RTOS_V2/cmsis_os2.o
 *fill*         0x0800a382        0x2 
 .text.osKernelInitialize
                0x0800a384       0x44 ./Middlewares/Third_Party/FreeRTOS/Source/CMSIS_RTOS_V2/cmsis_os2.o
                0x0800a384                osKernelInitialize
 .text.osKernelStart
                0x0800a3c8       0x4c ./Middlewares/Third_Party/FreeRTOS/Source/CMSIS_RTOS_V2/cmsis_os2.o
                0x0800a3c8                osKernelStart
 .text.osThreadNew
                0x0800a414      0x12c ./Middlewares/Third_Party/FreeRTOS/Source/CMSIS_RTOS_V2/cmsis_os2.o
                0x0800a414                osThreadNew
 .text.vApplicationGetIdleTaskMemory
                0x0800a540       0x30 ./Middlewares/Third_Party/FreeRTOS/Source/CMSIS_RTOS_V2/cmsis_os2.o
                0x0800a540                vApplicationGetIdleTaskMemory
 .text.vApplicationGetTimerTaskMemory
                0x0800a570       0x30 ./Middlewares/Third_Party/FreeRTOS/Source/CMSIS_RTOS_V2/cmsis_os2.o
                0x0800a570                vApplicationGetTimerTaskMemory
 .text.vListInitialise
                0x0800a5a0       0x3c ./Middlewares/Third_Party/FreeRTOS/Source/list.o
                0x0800a5a0                vListInitialise
 .text.vListInitialiseItem
                0x0800a5dc       0x16 ./Middlewares/Third_Party/FreeRTOS/Source/list.o
                0x0800a5dc                vListInitialiseItem
 .text.vListInsertEnd
                0x0800a5f2       0x44 ./Middlewares/Third_Party/FreeRTOS/Source/list.o
                0x0800a5f2                vListInsertEnd
 .text.vListInsert
                0x0800a636       0x6c ./Middlewares/Third_Party/FreeRTOS/Source/list.o
                0x0800a636                vListInsert
 .text.uxListRemove
                0x0800a6a2       0x50 ./Middlewares/Third_Party/FreeRTOS/Source/list.o
                0x0800a6a2                uxListRemove
 .text.xQueueGenericReset
                0x0800a6f2       0xaa ./Middlewares/Third_Party/FreeRTOS/Source/queue.o
                0x0800a6f2                xQueueGenericReset
 .text.xQueueGenericCreateStatic
                0x0800a79c       0xa2 ./Middlewares/Third_Party/FreeRTOS/Source/queue.o
                0x0800a79c                xQueueGenericCreateStatic
 .text.xQueueGenericCreate
                0x0800a83e       0x66 ./Middlewares/Third_Party/FreeRTOS/Source/queue.o
                0x0800a83e                xQueueGenericCreate
 .text.prvInitialiseNewQueue
                0x0800a8a4       0x4e ./Middlewares/Third_Party/FreeRTOS/Source/queue.o
 .text.xQueueGenericSend
                0x0800a8f2      0x190 ./Middlewares/Third_Party/FreeRTOS/Source/queue.o
                0x0800a8f2                xQueueGenericSend
 .text.xQueueGenericSendFromISR
                0x0800aa82       0xee ./Middlewares/Third_Party/FreeRTOS/Source/queue.o
                0x0800aa82                xQueueGenericSendFromISR
 .text.xQueueReceive
                0x0800ab70      0x170 ./Middlewares/Third_Party/FreeRTOS/Source/queue.o
                0x0800ab70                xQueueReceive
 .text.xQueueSemaphoreTake
                0x0800ace0      0x1bc ./Middlewares/Third_Party/FreeRTOS/Source/queue.o
                0x0800ace0                xQueueSemaphoreTake
 .text.prvGetDisinheritPriorityAfterTimeout
                0x0800ae9c       0x2c ./Middlewares/Third_Party/FreeRTOS/Source/queue.o
 .text.prvCopyDataToQueue
                0x0800aec8       0xd6 ./Middlewares/Third_Party/FreeRTOS/Source/queue.o
 .text.prvCopyDataFromQueue
                0x0800af9e       0x4c ./Middlewares/Third_Party/FreeRTOS/Source/queue.o
 .text.prvUnlockQueue
                0x0800afea       0xbc ./Middlewares/Third_Party/FreeRTOS/Source/queue.o
 .text.prvIsQueueEmpty
                0x0800b0a6       0x2c ./Middlewares/Third_Party/FreeRTOS/Source/queue.o
 .text.prvIsQueueFull
                0x0800b0d2       0x30 ./Middlewares/Third_Party/FreeRTOS/Source/queue.o
 *fill*         0x0800b102        0x2 
 .text.vQueueAddToRegistry
                0x0800b104       0x50 ./Middlewares/Third_Party/FreeRTOS/Source/queue.o
                0x0800b104                vQueueAddToRegistry
 .text.vQueueWaitForMessageRestricted
                0x0800b154       0x66 ./Middlewares/Third_Party/FreeRTOS/Source/queue.o
                0x0800b154                vQueueWaitForMessageRestricted
 .text.xTaskCreateStatic
                0x0800b1ba       0x8e ./Middlewares/Third_Party/FreeRTOS/Source/tasks.o
                0x0800b1ba                xTaskCreateStatic
 .text.xTaskCreate
                0x0800b248       0x98 ./Middlewares/Third_Party/FreeRTOS/Source/tasks.o
                0x0800b248                xTaskCreate
 .text.prvInitialiseNewTask
                0x0800b2e0      0x144 ./Middlewares/Third_Party/FreeRTOS/Source/tasks.o
 .text.prvAddNewTaskToReadyList
                0x0800b424       0xd0 ./Middlewares/Third_Party/FreeRTOS/Source/tasks.o
 .text.vTaskDelay
                0x0800b4f4       0x4c ./Middlewares/Third_Party/FreeRTOS/Source/tasks.o
                0x0800b4f4                vTaskDelay
 .text.vTaskStartScheduler
                0x0800b540       0xc0 ./Middlewares/Third_Party/FreeRTOS/Source/tasks.o
                0x0800b540                vTaskStartScheduler
 .text.vTaskSuspendAll
                0x0800b600       0x18 ./Middlewares/Third_Party/FreeRTOS/Source/tasks.o
                0x0800b600                vTaskSuspendAll
 .text.xTaskResumeAll
                0x0800b618      0x118 ./Middlewares/Third_Party/FreeRTOS/Source/tasks.o
                0x0800b618                xTaskResumeAll
 .text.xTaskGetTickCount
                0x0800b730       0x1c ./Middlewares/Third_Party/FreeRTOS/Source/tasks.o
                0x0800b730                xTaskGetTickCount
 .text.xTaskIncrementTick
                0x0800b74c      0x160 ./Middlewares/Third_Party/FreeRTOS/Source/tasks.o
                0x0800b74c                xTaskIncrementTick
 .text.vTaskSwitchContext
                0x0800b8ac       0xb4 ./Middlewares/Third_Party/FreeRTOS/Source/tasks.o
                0x0800b8ac                vTaskSwitchContext
 .text.vTaskPlaceOnEventList
                0x0800b960       0x40 ./Middlewares/Third_Party/FreeRTOS/Source/tasks.o
                0x0800b960                vTaskPlaceOnEventList
 .text.vTaskPlaceOnEventListRestricted
                0x0800b9a0       0x50 ./Middlewares/Third_Party/FreeRTOS/Source/tasks.o
                0x0800b9a0                vTaskPlaceOnEventListRestricted
 .text.xTaskRemoveFromEventList
                0x0800b9f0       0xbc ./Middlewares/Third_Party/FreeRTOS/Source/tasks.o
                0x0800b9f0                xTaskRemoveFromEventList
 .text.vTaskInternalSetTimeOutState
                0x0800baac       0x28 ./Middlewares/Third_Party/FreeRTOS/Source/tasks.o
                0x0800baac                vTaskInternalSetTimeOutState
 .text.xTaskCheckForTimeOut
                0x0800bad4       0xa4 ./Middlewares/Third_Party/FreeRTOS/Source/tasks.o
                0x0800bad4                xTaskCheckForTimeOut
 .text.vTaskMissedYield
                0x0800bb78       0x14 ./Middlewares/Third_Party/FreeRTOS/Source/tasks.o
                0x0800bb78                vTaskMissedYield
 .text.prvIdleTask
                0x0800bb8c       0x20 ./Middlewares/Third_Party/FreeRTOS/Source/tasks.o
 .text.prvInitialiseTaskLists
                0x0800bbac       0x88 ./Middlewares/Third_Party/FreeRTOS/Source/tasks.o
 .text.prvCheckTasksWaitingTermination
                0x0800bc34       0x5c ./Middlewares/Third_Party/FreeRTOS/Source/tasks.o
 .text.prvDeleteTCB
                0x0800bc90       0x5c ./Middlewares/Third_Party/FreeRTOS/Source/tasks.o
 .text.prvResetNextTaskUnblockTime
                0x0800bcec       0x3c ./Middlewares/Third_Party/FreeRTOS/Source/tasks.o
 .text.xTaskGetSchedulerState
                0x0800bd28       0x38 ./Middlewares/Third_Party/FreeRTOS/Source/tasks.o
                0x0800bd28                xTaskGetSchedulerState
 .text.xTaskPriorityInherit
                0x0800bd60       0xd0 ./Middlewares/Third_Party/FreeRTOS/Source/tasks.o
                0x0800bd60                xTaskPriorityInherit
 .text.xTaskPriorityDisinherit
                0x0800be30       0xbc ./Middlewares/Third_Party/FreeRTOS/Source/tasks.o
                0x0800be30                xTaskPriorityDisinherit
 .text.vTaskPriorityDisinheritAfterTimeout
                0x0800beec       0xe4 ./Middlewares/Third_Party/FreeRTOS/Source/tasks.o
                0x0800beec                vTaskPriorityDisinheritAfterTimeout
 .text.pvTaskIncrementMutexHeldCount
                0x0800bfd0       0x24 ./Middlewares/Third_Party/FreeRTOS/Source/tasks.o
                0x0800bfd0                pvTaskIncrementMutexHeldCount
 .text.prvAddCurrentTaskToDelayedList
                0x0800bff4       0xa8 ./Middlewares/Third_Party/FreeRTOS/Source/tasks.o
 .text.xTimerCreateTimerTask
                0x0800c09c       0x80 ./Middlewares/Third_Party/FreeRTOS/Source/timers.o
                0x0800c09c                xTimerCreateTimerTask
 .text.xTimerGenericCommand
                0x0800c11c       0x98 ./Middlewares/Third_Party/FreeRTOS/Source/timers.o
                0x0800c11c                xTimerGenericCommand
 .text.prvProcessExpiredTimer
                0x0800c1b4       0x8c ./Middlewares/Third_Party/FreeRTOS/Source/timers.o
 .text.prvTimerTask
                0x0800c240       0x2a ./Middlewares/Third_Party/FreeRTOS/Source/timers.o
 *fill*         0x0800c26a        0x2 
 .text.prvProcessTimerOrBlockTask
                0x0800c26c       0x90 ./Middlewares/Third_Party/FreeRTOS/Source/timers.o
 .text.prvGetNextExpireTime
                0x0800c2fc       0x44 ./Middlewares/Third_Party/FreeRTOS/Source/timers.o
 .text.prvSampleTimeNow
                0x0800c340       0x40 ./Middlewares/Third_Party/FreeRTOS/Source/timers.o
 .text.prvInsertTimerInActiveList
                0x0800c380       0x84 ./Middlewares/Third_Party/FreeRTOS/Source/timers.o
 .text.prvProcessReceivedCommands
                0x0800c404      0x194 ./Middlewares/Third_Party/FreeRTOS/Source/timers.o
 .text.prvSwitchTimerLists
                0x0800c598       0xbc ./Middlewares/Third_Party/FreeRTOS/Source/timers.o
 .text.prvCheckForValidListAndQueue
                0x0800c654       0x84 ./Middlewares/Third_Party/FreeRTOS/Source/timers.o
 .text.pxPortInitialiseStack
                0x0800c6d8       0x54 ./Middlewares/Third_Party/FreeRTOS/Source/portable/GCC/ARM_CM0/port.o
                0x0800c6d8                pxPortInitialiseStack
 .text.prvTaskExitError
                0x0800c72c       0x30 ./Middlewares/Third_Party/FreeRTOS/Source/portable/GCC/ARM_CM0/port.o
 .text.SVC_Handler
                0x0800c75c        0xa ./Middlewares/Third_Party/FreeRTOS/Source/portable/GCC/ARM_CM0/port.o
                0x0800c75c                SVC_Handler
 *fill*         0x0800c766        0xa 
 .text.vPortStartFirstTask
                0x0800c770       0x38 ./Middlewares/Third_Party/FreeRTOS/Source/portable/GCC/ARM_CM0/port.o
 .text.xPortStartScheduler
                0x0800c7a8       0x48 ./Middlewares/Third_Party/FreeRTOS/Source/portable/GCC/ARM_CM0/port.o
                0x0800c7a8                xPortStartScheduler
 .text.vPortYield
                0x0800c7f0       0x20 ./Middlewares/Third_Party/FreeRTOS/Source/portable/GCC/ARM_CM0/port.o
                0x0800c7f0                vPortYield
 .text.vPortEnterCritical
                0x0800c810       0x24 ./Middlewares/Third_Party/FreeRTOS/Source/portable/GCC/ARM_CM0/port.o
                0x0800c810                vPortEnterCritical
 .text.vPortExitCritical
                0x0800c834       0x30 ./Middlewares/Third_Party/FreeRTOS/Source/portable/GCC/ARM_CM0/port.o
                0x0800c834                vPortExitCritical
 .text.ulSetInterruptMaskFromISR
                0x0800c864        0xc ./Middlewares/Third_Party/FreeRTOS/Source/portable/GCC/ARM_CM0/port.o
                0x0800c864                ulSetInterruptMaskFromISR
 .text.vClearInterruptMaskFromISR
                0x0800c870        0x8 ./Middlewares/Third_Party/FreeRTOS/Source/portable/GCC/ARM_CM0/port.o
                0x0800c870                vClearInterruptMaskFromISR
 *fill*         0x0800c878        0x8 
 .text.PendSV_Handler
                0x0800c880       0x48 ./Middlewares/Third_Party/FreeRTOS/Source/portable/GCC/ARM_CM0/port.o
                0x0800c880                PendSV_Handler
 .text.xPortSysTickHandler
                0x0800c8c8       0x34 ./Middlewares/Third_Party/FreeRTOS/Source/portable/GCC/ARM_CM0/port.o
                0x0800c8c8                xPortSysTickHandler
 .text.vPortSetupTimerInterrupt
                0x0800c8fc       0x44 ./Middlewares/Third_Party/FreeRTOS/Source/portable/GCC/ARM_CM0/port.o
                0x0800c8fc                vPortSetupTimerInterrupt
 .text.pvPortMalloc
                0x0800c940      0x160 ./Middlewares/Third_Party/FreeRTOS/Source/portable/MemMang/heap_4.o
                0x0800c940                pvPortMalloc
 .text.vPortFree
                0x0800caa0       0xa0 ./Middlewares/Third_Party/FreeRTOS/Source/portable/MemMang/heap_4.o
                0x0800caa0                vPortFree
 .text.prvHeapInit
                0x0800cb40       0xc0 ./Middlewares/Third_Party/FreeRTOS/Source/portable/MemMang/heap_4.o
 .text.prvInsertBlockIntoFreeList
                0x0800cc00       0xb0 ./Middlewares/Third_Party/FreeRTOS/Source/portable/MemMang/heap_4.o
 .text.sprintf  0x0800ccb0       0x44 D:/Program Files/STM32CubeIDE_1.18.1/STM32CubeIDE/plugins/com.st.stm32cube.ide.mcu.externaltools.gnu-tools-for-stm32.13.3.rel1.win32_1.0.0.202411081344/tools/bin/../lib/gcc/arm-none-eabi/13.3.1/../../../../arm-none-eabi/lib/thumb/v6-m/nofp\libc_nano.a(libc_a-sprintf.o)
                0x0800ccb0                siprintf
                0x0800ccb0                sprintf
 .text.memset   0x0800ccf4       0x10 D:/Program Files/STM32CubeIDE_1.18.1/STM32CubeIDE/plugins/com.st.stm32cube.ide.mcu.externaltools.gnu-tools-for-stm32.13.3.rel1.win32_1.0.0.202411081344/tools/bin/../lib/gcc/arm-none-eabi/13.3.1/../../../../arm-none-eabi/lib/thumb/v6-m/nofp\libc_nano.a(libc_a-memset.o)
                0x0800ccf4                memset
 .text.strcat   0x0800cd04       0x1a D:/Program Files/STM32CubeIDE_1.18.1/STM32CubeIDE/plugins/com.st.stm32cube.ide.mcu.externaltools.gnu-tools-for-stm32.13.3.rel1.win32_1.0.0.202411081344/tools/bin/../lib/gcc/arm-none-eabi/13.3.1/../../../../arm-none-eabi/lib/thumb/v6-m/nofp\libc_nano.a(libc_a-strcat.o)
                0x0800cd04                strcat
 .text.strstr   0x0800cd1e       0x2c D:/Program Files/STM32CubeIDE_1.18.1/STM32CubeIDE/plugins/com.st.stm32cube.ide.mcu.externaltools.gnu-tools-for-stm32.13.3.rel1.win32_1.0.0.202411081344/tools/bin/../lib/gcc/arm-none-eabi/13.3.1/../../../../arm-none-eabi/lib/thumb/v6-m/nofp\libc_nano.a(libc_a-strstr.o)
                0x0800cd1e                strstr
 *fill*         0x0800cd4a        0x2 
 .text._reclaim_reent
                0x0800cd4c       0xd4 D:/Program Files/STM32CubeIDE_1.18.1/STM32CubeIDE/plugins/com.st.stm32cube.ide.mcu.externaltools.gnu-tools-for-stm32.13.3.rel1.win32_1.0.0.202411081344/tools/bin/../lib/gcc/arm-none-eabi/13.3.1/../../../../arm-none-eabi/lib/thumb/v6-m/nofp\libc_nano.a(libc_a-reent.o)
                0x0800cd4c                _reclaim_reent
 .text.__errno  0x0800ce20        0xc D:/Program Files/STM32CubeIDE_1.18.1/STM32CubeIDE/plugins/com.st.stm32cube.ide.mcu.externaltools.gnu-tools-for-stm32.13.3.rel1.win32_1.0.0.202411081344/tools/bin/../lib/gcc/arm-none-eabi/13.3.1/../../../../arm-none-eabi/lib/thumb/v6-m/nofp\libc_nano.a(libc_a-errno.o)
                0x0800ce20                __errno
 .text.__libc_init_array
                0x0800ce2c       0x48 D:/Program Files/STM32CubeIDE_1.18.1/STM32CubeIDE/plugins/com.st.stm32cube.ide.mcu.externaltools.gnu-tools-for-stm32.13.3.rel1.win32_1.0.0.202411081344/tools/bin/../lib/gcc/arm-none-eabi/13.3.1/../../../../arm-none-eabi/lib/thumb/v6-m/nofp\libc_nano.a(libc_a-init.o)
                0x0800ce2c                __libc_init_array
 .text.__retarget_lock_acquire_recursive
                0x0800ce74        0x2 D:/Program Files/STM32CubeIDE_1.18.1/STM32CubeIDE/plugins/com.st.stm32cube.ide.mcu.externaltools.gnu-tools-for-stm32.13.3.rel1.win32_1.0.0.202411081344/tools/bin/../lib/gcc/arm-none-eabi/13.3.1/../../../../arm-none-eabi/lib/thumb/v6-m/nofp\libc_nano.a(libc_a-lock.o)
                0x0800ce74                __retarget_lock_acquire_recursive
 .text.__retarget_lock_release_recursive
                0x0800ce76        0x2 D:/Program Files/STM32CubeIDE_1.18.1/STM32CubeIDE/plugins/com.st.stm32cube.ide.mcu.externaltools.gnu-tools-for-stm32.13.3.rel1.win32_1.0.0.202411081344/tools/bin/../lib/gcc/arm-none-eabi/13.3.1/../../../../arm-none-eabi/lib/thumb/v6-m/nofp\libc_nano.a(libc_a-lock.o)
                0x0800ce76                __retarget_lock_release_recursive
 .text.strcpy   0x0800ce78       0x10 D:/Program Files/STM32CubeIDE_1.18.1/STM32CubeIDE/plugins/com.st.stm32cube.ide.mcu.externaltools.gnu-tools-for-stm32.13.3.rel1.win32_1.0.0.202411081344/tools/bin/../lib/gcc/arm-none-eabi/13.3.1/../../../../arm-none-eabi/lib/thumb/v6-m/nofp\libc_nano.a(libc_a-strcpy.o)
                0x0800ce78                strcpy
 .text.memcpy   0x0800ce88       0x12 D:/Program Files/STM32CubeIDE_1.18.1/STM32CubeIDE/plugins/com.st.stm32cube.ide.mcu.externaltools.gnu-tools-for-stm32.13.3.rel1.win32_1.0.0.202411081344/tools/bin/../lib/gcc/arm-none-eabi/13.3.1/../../../../arm-none-eabi/lib/thumb/v6-m/nofp\libc_nano.a(libc_a-memcpy-stub.o)
                0x0800ce88                memcpy
 *fill*         0x0800ce9a        0x2 
 .text._free_r  0x0800ce9c       0x94 D:/Program Files/STM32CubeIDE_1.18.1/STM32CubeIDE/plugins/com.st.stm32cube.ide.mcu.externaltools.gnu-tools-for-stm32.13.3.rel1.win32_1.0.0.202411081344/tools/bin/../lib/gcc/arm-none-eabi/13.3.1/../../../../arm-none-eabi/lib/thumb/v6-m/nofp\libc_nano.a(libc_a-freer.o)
                0x0800ce9c                _free_r
 .text.sbrk_aligned
                0x0800cf30       0x44 D:/Program Files/STM32CubeIDE_1.18.1/STM32CubeIDE/plugins/com.st.stm32cube.ide.mcu.externaltools.gnu-tools-for-stm32.13.3.rel1.win32_1.0.0.202411081344/tools/bin/../lib/gcc/arm-none-eabi/13.3.1/../../../../arm-none-eabi/lib/thumb/v6-m/nofp\libc_nano.a(libc_a-mallocr.o)
 .text._malloc_r
                0x0800cf74      0x100 D:/Program Files/STM32CubeIDE_1.18.1/STM32CubeIDE/plugins/com.st.stm32cube.ide.mcu.externaltools.gnu-tools-for-stm32.13.3.rel1.win32_1.0.0.202411081344/tools/bin/../lib/gcc/arm-none-eabi/13.3.1/../../../../arm-none-eabi/lib/thumb/v6-m/nofp\libc_nano.a(libc_a-mallocr.o)
                0x0800cf74                _malloc_r
 .text.__malloc_lock
                0x0800d074       0x10 D:/Program Files/STM32CubeIDE_1.18.1/STM32CubeIDE/plugins/com.st.stm32cube.ide.mcu.externaltools.gnu-tools-for-stm32.13.3.rel1.win32_1.0.0.202411081344/tools/bin/../lib/gcc/arm-none-eabi/13.3.1/../../../../arm-none-eabi/lib/thumb/v6-m/nofp\libc_nano.a(libc_a-mlock.o)
                0x0800d074                __malloc_lock
 .text.__malloc_unlock
                0x0800d084       0x10 D:/Program Files/STM32CubeIDE_1.18.1/STM32CubeIDE/plugins/com.st.stm32cube.ide.mcu.externaltools.gnu-tools-for-stm32.13.3.rel1.win32_1.0.0.202411081344/tools/bin/../lib/gcc/arm-none-eabi/13.3.1/../../../../arm-none-eabi/lib/thumb/v6-m/nofp\libc_nano.a(libc_a-mlock.o)
                0x0800d084                __malloc_unlock
 .text.__ssputs_r
                0x0800d094       0xc0 D:/Program Files/STM32CubeIDE_1.18.1/STM32CubeIDE/plugins/com.st.stm32cube.ide.mcu.externaltools.gnu-tools-for-stm32.13.3.rel1.win32_1.0.0.202411081344/tools/bin/../lib/gcc/arm-none-eabi/13.3.1/../../../../arm-none-eabi/lib/thumb/v6-m/nofp\libc_nano.a(libc_a-nano-svfprintf.o)
                0x0800d094                __ssputs_r
 .text._svfprintf_r
                0x0800d154      0x1fc D:/Program Files/STM32CubeIDE_1.18.1/STM32CubeIDE/plugins/com.st.stm32cube.ide.mcu.externaltools.gnu-tools-for-stm32.13.3.rel1.win32_1.0.0.202411081344/tools/bin/../lib/gcc/arm-none-eabi/13.3.1/../../../../arm-none-eabi/lib/thumb/v6-m/nofp\libc_nano.a(libc_a-nano-svfprintf.o)
                0x0800d154                _svfiprintf_r
                0x0800d154                _svfprintf_r
 .text._printf_common
                0x0800d350       0xde D:/Program Files/STM32CubeIDE_1.18.1/STM32CubeIDE/plugins/com.st.stm32cube.ide.mcu.externaltools.gnu-tools-for-stm32.13.3.rel1.win32_1.0.0.202411081344/tools/bin/../lib/gcc/arm-none-eabi/13.3.1/../../../../arm-none-eabi/lib/thumb/v6-m/nofp\libc_nano.a(libc_a-nano-vfprintf_i.o)
                0x0800d350                _printf_common
 *fill*         0x0800d42e        0x2 
 .text._printf_i
                0x0800d430      0x218 D:/Program Files/STM32CubeIDE_1.18.1/STM32CubeIDE/plugins/com.st.stm32cube.ide.mcu.externaltools.gnu-tools-for-stm32.13.3.rel1.win32_1.0.0.202411081344/tools/bin/../lib/gcc/arm-none-eabi/13.3.1/../../../../arm-none-eabi/lib/thumb/v6-m/nofp\libc_nano.a(libc_a-nano-vfprintf_i.o)
                0x0800d430                _printf_i
 .text.memmove  0x0800d648       0x24 D:/Program Files/STM32CubeIDE_1.18.1/STM32CubeIDE/plugins/com.st.stm32cube.ide.mcu.externaltools.gnu-tools-for-stm32.13.3.rel1.win32_1.0.0.202411081344/tools/bin/../lib/gcc/arm-none-eabi/13.3.1/../../../../arm-none-eabi/lib/thumb/v6-m/nofp\libc_nano.a(libc_a-memmove.o)
                0x0800d648                memmove
 .text._sbrk_r  0x0800d66c       0x24 D:/Program Files/STM32CubeIDE_1.18.1/STM32CubeIDE/plugins/com.st.stm32cube.ide.mcu.externaltools.gnu-tools-for-stm32.13.3.rel1.win32_1.0.0.202411081344/tools/bin/../lib/gcc/arm-none-eabi/13.3.1/../../../../arm-none-eabi/lib/thumb/v6-m/nofp\libc_nano.a(libc_a-sbrkr.o)
                0x0800d66c                _sbrk_r
 .text.memchr   0x0800d690       0x16 D:/Program Files/STM32CubeIDE_1.18.1/STM32CubeIDE/plugins/com.st.stm32cube.ide.mcu.externaltools.gnu-tools-for-stm32.13.3.rel1.win32_1.0.0.202411081344/tools/bin/../lib/gcc/arm-none-eabi/13.3.1/../../../../arm-none-eabi/lib/thumb/v6-m/nofp\libc_nano.a(libc_a-memchr-stub.o)
                0x0800d690                memchr
 .text._realloc_r
                0x0800d6a6       0x60 D:/Program Files/STM32CubeIDE_1.18.1/STM32CubeIDE/plugins/com.st.stm32cube.ide.mcu.externaltools.gnu-tools-for-stm32.13.3.rel1.win32_1.0.0.202411081344/tools/bin/../lib/gcc/arm-none-eabi/13.3.1/../../../../arm-none-eabi/lib/thumb/v6-m/nofp\libc_nano.a(libc_a-reallocr.o)
                0x0800d6a6                _realloc_r
 .text._malloc_usable_size_r
                0x0800d706       0x10 D:/Program Files/STM32CubeIDE_1.18.1/STM32CubeIDE/plugins/com.st.stm32cube.ide.mcu.externaltools.gnu-tools-for-stm32.13.3.rel1.win32_1.0.0.202411081344/tools/bin/../lib/gcc/arm-none-eabi/13.3.1/../../../../arm-none-eabi/lib/thumb/v6-m/nofp\libc_nano.a(libc_a-msizer.o)
                0x0800d706                _malloc_usable_size_r
 *(.glue_7)
 .glue_7        0x0800d716        0x0 linker stubs
 *(.glue_7t)
 .glue_7t       0x0800d716        0x0 linker stubs
 *(.eh_frame)
 *fill*         0x0800d716        0x2 
 .eh_frame      0x0800d718        0x0 D:/Program Files/STM32CubeIDE_1.18.1/STM32CubeIDE/plugins/com.st.stm32cube.ide.mcu.externaltools.gnu-tools-for-stm32.13.3.rel1.win32_1.0.0.202411081344/tools/bin/../lib/gcc/arm-none-eabi/13.3.1/thumb/v6-m/nofp/crtbegin.o
 *(.init)
 .init          0x0800d718        0x4 D:/Program Files/STM32CubeIDE_1.18.1/STM32CubeIDE/plugins/com.st.stm32cube.ide.mcu.externaltools.gnu-tools-for-stm32.13.3.rel1.win32_1.0.0.202411081344/tools/bin/../lib/gcc/arm-none-eabi/13.3.1/thumb/v6-m/nofp/crti.o
                0x0800d718                _init
 .init          0x0800d71c        0x8 D:/Program Files/STM32CubeIDE_1.18.1/STM32CubeIDE/plugins/com.st.stm32cube.ide.mcu.externaltools.gnu-tools-for-stm32.13.3.rel1.win32_1.0.0.202411081344/tools/bin/../lib/gcc/arm-none-eabi/13.3.1/thumb/v6-m/nofp/crtn.o
 *(.fini)
 .fini          0x0800d724        0x4 D:/Program Files/STM32CubeIDE_1.18.1/STM32CubeIDE/plugins/com.st.stm32cube.ide.mcu.externaltools.gnu-tools-for-stm32.13.3.rel1.win32_1.0.0.202411081344/tools/bin/../lib/gcc/arm-none-eabi/13.3.1/thumb/v6-m/nofp/crti.o
                0x0800d724                _fini
 .fini          0x0800d728        0x8 D:/Program Files/STM32CubeIDE_1.18.1/STM32CubeIDE/plugins/com.st.stm32cube.ide.mcu.externaltools.gnu-tools-for-stm32.13.3.rel1.win32_1.0.0.202411081344/tools/bin/../lib/gcc/arm-none-eabi/13.3.1/thumb/v6-m/nofp/crtn.o
                0x0800d730                        . = ALIGN (0x4)
                0x0800d730                        _etext = .

.vfp11_veneer   0x0800d730        0x0
 .vfp11_veneer  0x0800d730        0x0 linker stubs

.v4_bx          0x0800d730        0x0
 .v4_bx         0x0800d730        0x0 linker stubs

.iplt           0x0800d730        0x0
 .iplt          0x0800d730        0x0 D:/Program Files/STM32CubeIDE_1.18.1/STM32CubeIDE/plugins/com.st.stm32cube.ide.mcu.externaltools.gnu-tools-for-stm32.13.3.rel1.win32_1.0.0.202411081344/tools/bin/../lib/gcc/arm-none-eabi/13.3.1/thumb/v6-m/nofp/crtbegin.o

.rodata         0x0800d730      0x3b4
                0x0800d730                        . = ALIGN (0x4)
 *(.rodata)
 .rodata        0x0800d730       0x7e ./Components/Eicher/src/eicher.o
 *fill*         0x0800d7ae        0x2 
 .rodata        0x0800d7b0       0x87 ./Components/LORA/Src/lora_com.o
 *fill*         0x0800d837        0x1 
 .rodata        0x0800d838        0x3 ./Components/LORA/Src/lora_uart_interface.o
 *fill*         0x0800d83b        0x1 
 .rodata        0x0800d83c       0xee ./Components/can_tp/src/can_interface.o
 *fill*         0x0800d92a        0x2 
 .rodata        0x0800d92c        0xc ./Core/Src/main.o
 .rodata        0x0800d938        0x5 ./Middlewares/Third_Party/FreeRTOS/Source/tasks.o
 *fill*         0x0800d93d        0x3 
 .rodata        0x0800d940        0xd ./Middlewares/Third_Party/FreeRTOS/Source/timers.o
 *fill*         0x0800d94d        0x3 
 .rodata        0x0800d950       0x7c D:/Program Files/STM32CubeIDE_1.18.1/STM32CubeIDE/plugins/com.st.stm32cube.ide.mcu.externaltools.gnu-tools-for-stm32.13.3.rel1.win32_1.0.0.202411081344/tools/bin/../lib/gcc/arm-none-eabi/13.3.1/thumb/v6-m/nofp\libgcc.a(divsf3.o)
 *(.rodata*)
 .rodata.defaultTask_attributes
                0x0800d9cc       0x24 ./Core/Src/main.o
                0x0800d9cc                defaultTask_attributes
 .rodata.AHBPrescTable
                0x0800d9f0       0x40 ./Core/Src/system_stm32g0xx.o
                0x0800d9f0                AHBPrescTable
 .rodata.APBPrescTable
                0x0800da30       0x20 ./Core/Src/system_stm32g0xx.o
                0x0800da30                APBPrescTable
 .rodata.DLCtoBytes
                0x0800da50       0x10 ./Drivers/STM32G0xx_HAL_Driver/Src/stm32g0xx_hal_fdcan.o
 .rodata.UARTPrescTable
                0x0800da60       0x18 ./Drivers/STM32G0xx_HAL_Driver/Src/stm32g0xx_hal_uart.o
                0x0800da60                UARTPrescTable
 .rodata.numerator.1
                0x0800da78        0x8 ./Drivers/STM32G0xx_HAL_Driver/Src/stm32g0xx_hal_uart_ex.o
 .rodata.denominator.0
                0x0800da80        0x8 ./Drivers/STM32G0xx_HAL_Driver/Src/stm32g0xx_hal_uart_ex.o
 .rodata.prvProcessReceivedCommands
                0x0800da88       0x28 ./Middlewares/Third_Party/FreeRTOS/Source/timers.o
 .rodata._svfprintf_r.str1.1
                0x0800dab0       0x33 D:/Program Files/STM32CubeIDE_1.18.1/STM32CubeIDE/plugins/com.st.stm32cube.ide.mcu.externaltools.gnu-tools-for-stm32.13.3.rel1.win32_1.0.0.202411081344/tools/bin/../lib/gcc/arm-none-eabi/13.3.1/../../../../arm-none-eabi/lib/thumb/v6-m/nofp\libc_nano.a(libc_a-nano-svfprintf.o)
                                 0x11 (size before relaxing)
 .rodata._printf_i.str1.1
                0x0800dae3       0x22 D:/Program Files/STM32CubeIDE_1.18.1/STM32CubeIDE/plugins/com.st.stm32cube.ide.mcu.externaltools.gnu-tools-for-stm32.13.3.rel1.win32_1.0.0.202411081344/tools/bin/../lib/gcc/arm-none-eabi/13.3.1/../../../../arm-none-eabi/lib/thumb/v6-m/nofp\libc_nano.a(libc_a-nano-vfprintf_i.o)
                0x0800db08                        . = ALIGN (0x4)
 *fill*         0x0800dae3        0x1 

.ARM.extab      0x0800dae4        0x0
                0x0800dae4                        . = ALIGN (0x4)
 *(.ARM.extab* .gnu.linkonce.armextab.*)
                0x0800dae4                        . = ALIGN (0x4)

.ARM            0x0800dae4        0x8
                0x0800dae4                        . = ALIGN (0x4)
                0x0800dae4                        __exidx_start = .
 *(.ARM.exidx*)
 .ARM.exidx     0x0800dae4        0x8 D:/Program Files/STM32CubeIDE_1.18.1/STM32CubeIDE/plugins/com.st.stm32cube.ide.mcu.externaltools.gnu-tools-for-stm32.13.3.rel1.win32_1.0.0.202411081344/tools/bin/../lib/gcc/arm-none-eabi/13.3.1/thumb/v6-m/nofp\libgcc.a(_udivmoddi4.o)
                0x0800daec                        __exidx_end = .
                0x0800daec                        . = ALIGN (0x4)

.preinit_array  0x0800daec        0x0
                0x0800daec                        . = ALIGN (0x4)
                0x0800daec                        PROVIDE (__preinit_array_start = .)
 *(.preinit_array*)
                0x0800daec                        PROVIDE (__preinit_array_end = .)
                0x0800daec                        . = ALIGN (0x4)

.init_array     0x0800daec        0x4
                0x0800daec                        . = ALIGN (0x4)
                0x0800daec                        PROVIDE (__init_array_start = .)
 *(SORT_BY_NAME(.init_array.*))
 *(.init_array*)
 .init_array    0x0800daec        0x4 D:/Program Files/STM32CubeIDE_1.18.1/STM32CubeIDE/plugins/com.st.stm32cube.ide.mcu.externaltools.gnu-tools-for-stm32.13.3.rel1.win32_1.0.0.202411081344/tools/bin/../lib/gcc/arm-none-eabi/13.3.1/thumb/v6-m/nofp/crtbegin.o
                0x0800daf0                        PROVIDE (__init_array_end = .)
                0x0800daf0                        . = ALIGN (0x4)

.fini_array     0x0800daf0        0x4
                0x0800daf0                        . = ALIGN (0x4)
                [!provide]                        PROVIDE (__fini_array_start = .)
 *(SORT_BY_NAME(.fini_array.*))
 *(.fini_array*)
 .fini_array    0x0800daf0        0x4 D:/Program Files/STM32CubeIDE_1.18.1/STM32CubeIDE/plugins/com.st.stm32cube.ide.mcu.externaltools.gnu-tools-for-stm32.13.3.rel1.win32_1.0.0.202411081344/tools/bin/../lib/gcc/arm-none-eabi/13.3.1/thumb/v6-m/nofp/crtbegin.o
                [!provide]                        PROVIDE (__fini_array_end = .)
                0x0800daf4                        . = ALIGN (0x4)
                0x0800daf4                        _sidata = LOADADDR (.data)

.rel.dyn        0x0800daf4        0x0
 .rel.iplt      0x0800daf4        0x0 D:/Program Files/STM32CubeIDE_1.18.1/STM32CubeIDE/plugins/com.st.stm32cube.ide.mcu.externaltools.gnu-tools-for-stm32.13.3.rel1.win32_1.0.0.202411081344/tools/bin/../lib/gcc/arm-none-eabi/13.3.1/thumb/v6-m/nofp/crtbegin.o

.data           0x20000000       0x68 load address 0x0800daf4
                0x20000000                        . = ALIGN (0x4)
                0x20000000                        _sdata = .
 *(.data)
 *(.data*)
 .data.UID      0x20000000        0x6 ./Components/Eicher/src/eicher.o
                0x20000000                UID
 *fill*         0x20000006        0x2 
 .data.SystemCoreClock
                0x20000008        0x4 ./Core/Src/system_stm32g0xx.o
                0x20000008                SystemCoreClock
 .data.uwTickPrio
                0x2000000c        0x4 ./Drivers/STM32G0xx_HAL_Driver/Src/stm32g0xx_hal.o
                0x2000000c                uwTickPrio
 .data.uwTickFreq
                0x20000010        0x1 ./Drivers/STM32G0xx_HAL_Driver/Src/stm32g0xx_hal.o
                0x20000010                uwTickFreq
 *fill*         0x20000011        0x3 
 .data.uxCriticalNesting
                0x20000014        0x4 ./Middlewares/Third_Party/FreeRTOS/Source/portable/GCC/ARM_CM0/port.o
 .data._impure_ptr
                0x20000018        0x4 D:/Program Files/STM32CubeIDE_1.18.1/STM32CubeIDE/plugins/com.st.stm32cube.ide.mcu.externaltools.gnu-tools-for-stm32.13.3.rel1.win32_1.0.0.202411081344/tools/bin/../lib/gcc/arm-none-eabi/13.3.1/../../../../arm-none-eabi/lib/thumb/v6-m/nofp\libc_nano.a(libc_a-impure.o)
                0x20000018                _impure_ptr
 .data._impure_data
                0x2000001c       0x4c D:/Program Files/STM32CubeIDE_1.18.1/STM32CubeIDE/plugins/com.st.stm32cube.ide.mcu.externaltools.gnu-tools-for-stm32.13.3.rel1.win32_1.0.0.202411081344/tools/bin/../lib/gcc/arm-none-eabi/13.3.1/../../../../arm-none-eabi/lib/thumb/v6-m/nofp\libc_nano.a(libc_a-impure.o)
                0x2000001c                _impure_data
 *(.RamFunc)
 *(.RamFunc*)
                0x20000068                        . = ALIGN (0x4)
                0x20000068                        _edata = .

.igot.plt       0x20000068        0x0 load address 0x0800db5c
 .igot.plt      0x20000068        0x0 D:/Program Files/STM32CubeIDE_1.18.1/STM32CubeIDE/plugins/com.st.stm32cube.ide.mcu.externaltools.gnu-tools-for-stm32.13.3.rel1.win32_1.0.0.202411081344/tools/bin/../lib/gcc/arm-none-eabi/13.3.1/thumb/v6-m/nofp/crtbegin.o
                0x20000068                        . = ALIGN (0x4)

.bss            0x20000068     0xeb28 load address 0x0800db5c
                0x20000068                        _sbss = .
                0x20000068                        __bss_start__ = _sbss
 *(.bss)
 .bss           0x20000068       0x1c D:/Program Files/STM32CubeIDE_1.18.1/STM32CubeIDE/plugins/com.st.stm32cube.ide.mcu.externaltools.gnu-tools-for-stm32.13.3.rel1.win32_1.0.0.202411081344/tools/bin/../lib/gcc/arm-none-eabi/13.3.1/thumb/v6-m/nofp/crtbegin.o
 *(.bss*)
 .bss.CanTxQueue
                0x20000084        0x4 ./Components/Eicher/src/eicher.o
                0x20000084                CanTxQueue
 .bss.eicher_task_h
                0x20000088        0x4 ./Components/Eicher/src/eicher.o
 .bss.eicher_tx_task_h
                0x2000008c        0x4 ./Components/Eicher/src/eicher.o
 .bss.NoResponseCnt
                0x20000090        0x1 ./Components/Eicher/src/eicher.o
                0x20000090                NoResponseCnt
 *fill*         0x20000091        0x3 
 .bss.appl_param_list
                0x20000094       0x74 ./Components/Eicher/src/eicher.o
                0x20000094                appl_param_list
 .bss.json_data
                0x20000108       0xff ./Components/Eicher/src/eicher.o
                0x20000108                json_data
 .bss.lora_Error_cnt
                0x20000207        0x1 ./Components/LORA/Src/lora_com.o
 .bss.LORA_run_info
                0x20000208     0x2b86 ./Components/LORA/Src/lora_com.o
                0x20000208                LORA_run_info
 *fill*         0x20002d8e        0x2 
 .bss.LORA_driver_sem
                0x20002d90        0x4 ./Components/LORA/Src/lora_com.o
 .bss.lora_msg  0x20002d94      0x190 ./Components/LORA/Src/lora_com.o
                0x20002d94                lora_msg
 .bss.command   0x20002f24      0x1f4 ./Components/LORA/Src/lora_uart_interface.o
 .bss.rx_buffer
                0x20003118       0x18 ./Components/LORA/Src/lora_uart_interface.o
 .bss.init_flag
                0x20003130        0x1 ./Components/LORA/Src/lora_uart_interface.o
 *fill*         0x20003131        0x3 
 .bss.CanRxQueue
                0x20003134        0x4 ./Components/can_tp/src/can_interface.o
                0x20003134                CanRxQueue
 .bss.rx_can_flag
                0x20003138        0x1 ./Components/can_tp/src/can_interface.o
                0x20003138                rx_can_flag
 *fill*         0x20003139        0x3 
 .bss.can_Rx_task_h
                0x2000313c        0x4 ./Components/can_tp/src/can_interface.o
 .bss.can_tx_task_h
                0x20003140        0x4 ./Components/can_tp/src/can_interface.o
 .bss.RxHeader  0x20003144       0x28 ./Components/can_tp/src/can_interface.o
                0x20003144                RxHeader
 .bss.TxHeader  0x2000316c       0x24 ./Components/can_tp/src/can_interface.o
 .bss.drv_state
                0x20003190       0x2c ./Components/can_tp/src/can_interface.o
                0x20003190                drv_state
 .bss.hadc1     0x200031bc       0x64 ./Core/Src/main.o
                0x200031bc                hadc1
 .bss.hfdcan2   0x20003220       0x64 ./Core/Src/main.o
                0x20003220                hfdcan2
 .bss.hiwdg     0x20003284       0x10 ./Core/Src/main.o
                0x20003284                hiwdg
 .bss.hrtc      0x20003294       0x2c ./Core/Src/main.o
                0x20003294                hrtc
 .bss.hspi2     0x200032c0       0x64 ./Core/Src/main.o
                0x200032c0                hspi2
 .bss.htim16    0x20003324       0x4c ./Core/Src/main.o
                0x20003324                htim16
 .bss.huart1    0x20003370       0x94 ./Core/Src/main.o
                0x20003370                huart1
 .bss.defaultTaskHandle
                0x20003404        0x4 ./Core/Src/main.o
                0x20003404                defaultTaskHandle
 .bss.rawByte   0x20003408        0x1 ./Core/Src/main.o
                0x20003408                rawByte
 *fill*         0x20003409        0x1 
 .bss.tick_start
                0x2000340a        0x2 ./Core/Src/main.o
                0x2000340a                tick_start
 .bss.one_sec   0x2000340c        0x1 ./Core/Src/main.o
                0x2000340c                one_sec
 .bss.two_sec   0x2000340d        0x1 ./Core/Src/main.o
                0x2000340d                two_sec
 .bss.two_sec2  0x2000340e        0x1 ./Core/Src/main.o
                0x2000340e                two_sec2
 *fill*         0x2000340f        0x1 
 .bss.post_period_handler
                0x20003410        0x2 ./Core/Src/main.o
                0x20003410                post_period_handler
 *fill*         0x20003412        0x2 
 .bss.htim14    0x20003414       0x4c ./Core/Src/stm32g0xx_hal_timebase_tim.o
                0x20003414                htim14
 .bss.__sbrk_heap_end
                0x20003460        0x4 ./Core/Src/sysmem.o
 .bss.uwTick    0x20003464        0x4 ./Drivers/STM32G0xx_HAL_Driver/Src/stm32g0xx_hal.o
                0x20003464                uwTick
 .bss.KernelState
                0x20003468        0x4 ./Middlewares/Third_Party/FreeRTOS/Source/CMSIS_RTOS_V2/cmsis_os2.o
 .bss.Idle_TCB.3
                0x2000346c       0xa8 ./Middlewares/Third_Party/FreeRTOS/Source/CMSIS_RTOS_V2/cmsis_os2.o
 .bss.Idle_Stack.2
                0x20003514      0x200 ./Middlewares/Third_Party/FreeRTOS/Source/CMSIS_RTOS_V2/cmsis_os2.o
 .bss.Timer_TCB.1
                0x20003714       0xa8 ./Middlewares/Third_Party/FreeRTOS/Source/CMSIS_RTOS_V2/cmsis_os2.o
 .bss.Timer_Stack.0
                0x200037bc      0x400 ./Middlewares/Third_Party/FreeRTOS/Source/CMSIS_RTOS_V2/cmsis_os2.o
 .bss.xQueueRegistry
                0x20003bbc       0x40 ./Middlewares/Third_Party/FreeRTOS/Source/queue.o
                0x20003bbc                xQueueRegistry
 .bss.pxCurrentTCB
                0x20003bfc        0x4 ./Middlewares/Third_Party/FreeRTOS/Source/tasks.o
                0x20003bfc                pxCurrentTCB
 .bss.pxReadyTasksLists
                0x20003c00      0x460 ./Middlewares/Third_Party/FreeRTOS/Source/tasks.o
 .bss.xDelayedTaskList1
                0x20004060       0x14 ./Middlewares/Third_Party/FreeRTOS/Source/tasks.o
 .bss.xDelayedTaskList2
                0x20004074       0x14 ./Middlewares/Third_Party/FreeRTOS/Source/tasks.o
 .bss.pxDelayedTaskList
                0x20004088        0x4 ./Middlewares/Third_Party/FreeRTOS/Source/tasks.o
 .bss.pxOverflowDelayedTaskList
                0x2000408c        0x4 ./Middlewares/Third_Party/FreeRTOS/Source/tasks.o
 .bss.xPendingReadyList
                0x20004090       0x14 ./Middlewares/Third_Party/FreeRTOS/Source/tasks.o
 .bss.xTasksWaitingTermination
                0x200040a4       0x14 ./Middlewares/Third_Party/FreeRTOS/Source/tasks.o
 .bss.uxDeletedTasksWaitingCleanUp
                0x200040b8        0x4 ./Middlewares/Third_Party/FreeRTOS/Source/tasks.o
 .bss.xSuspendedTaskList
                0x200040bc       0x14 ./Middlewares/Third_Party/FreeRTOS/Source/tasks.o
 .bss.uxCurrentNumberOfTasks
                0x200040d0        0x4 ./Middlewares/Third_Party/FreeRTOS/Source/tasks.o
 .bss.xTickCount
                0x200040d4        0x4 ./Middlewares/Third_Party/FreeRTOS/Source/tasks.o
 .bss.uxTopReadyPriority
                0x200040d8        0x4 ./Middlewares/Third_Party/FreeRTOS/Source/tasks.o
 .bss.xSchedulerRunning
                0x200040dc        0x4 ./Middlewares/Third_Party/FreeRTOS/Source/tasks.o
 .bss.xPendedTicks
                0x200040e0        0x4 ./Middlewares/Third_Party/FreeRTOS/Source/tasks.o
 .bss.xYieldPending
                0x200040e4        0x4 ./Middlewares/Third_Party/FreeRTOS/Source/tasks.o
 .bss.xNumOfOverflows
                0x200040e8        0x4 ./Middlewares/Third_Party/FreeRTOS/Source/tasks.o
 .bss.uxTaskNumber
                0x200040ec        0x4 ./Middlewares/Third_Party/FreeRTOS/Source/tasks.o
 .bss.xNextTaskUnblockTime
                0x200040f0        0x4 ./Middlewares/Third_Party/FreeRTOS/Source/tasks.o
 .bss.xIdleTaskHandle
                0x200040f4        0x4 ./Middlewares/Third_Party/FreeRTOS/Source/tasks.o
 .bss.uxSchedulerSuspended
                0x200040f8        0x4 ./Middlewares/Third_Party/FreeRTOS/Source/tasks.o
 .bss.xActiveTimerList1
                0x200040fc       0x14 ./Middlewares/Third_Party/FreeRTOS/Source/timers.o
 .bss.xActiveTimerList2
                0x20004110       0x14 ./Middlewares/Third_Party/FreeRTOS/Source/timers.o
 .bss.pxCurrentTimerList
                0x20004124        0x4 ./Middlewares/Third_Party/FreeRTOS/Source/timers.o
 .bss.pxOverflowTimerList
                0x20004128        0x4 ./Middlewares/Third_Party/FreeRTOS/Source/timers.o
 .bss.xTimerQueue
                0x2000412c        0x4 ./Middlewares/Third_Party/FreeRTOS/Source/timers.o
 .bss.xTimerTaskHandle
                0x20004130        0x4 ./Middlewares/Third_Party/FreeRTOS/Source/timers.o
 .bss.xLastTime.2
                0x20004134        0x4 ./Middlewares/Third_Party/FreeRTOS/Source/timers.o
 .bss.ucStaticTimerQueueStorage.1
                0x20004138       0xa0 ./Middlewares/Third_Party/FreeRTOS/Source/timers.o
 .bss.xStaticTimerQueue.0
                0x200041d8       0x50 ./Middlewares/Third_Party/FreeRTOS/Source/timers.o
 .bss.ucHeap    0x20004228     0xa800 ./Middlewares/Third_Party/FreeRTOS/Source/portable/MemMang/heap_4.o
 .bss.xStart    0x2000ea28        0x8 ./Middlewares/Third_Party/FreeRTOS/Source/portable/MemMang/heap_4.o
 .bss.pxEnd     0x2000ea30        0x4 ./Middlewares/Third_Party/FreeRTOS/Source/portable/MemMang/heap_4.o
 .bss.xFreeBytesRemaining
                0x2000ea34        0x4 ./Middlewares/Third_Party/FreeRTOS/Source/portable/MemMang/heap_4.o
 .bss.xMinimumEverFreeBytesRemaining
                0x2000ea38        0x4 ./Middlewares/Third_Party/FreeRTOS/Source/portable/MemMang/heap_4.o
 .bss.xNumberOfSuccessfulAllocations
                0x2000ea3c        0x4 ./Middlewares/Third_Party/FreeRTOS/Source/portable/MemMang/heap_4.o
 .bss.xNumberOfSuccessfulFrees
                0x2000ea40        0x4 ./Middlewares/Third_Party/FreeRTOS/Source/portable/MemMang/heap_4.o
 .bss.xBlockAllocatedBit
                0x2000ea44        0x4 ./Middlewares/Third_Party/FreeRTOS/Source/portable/MemMang/heap_4.o
 .bss.__sf      0x2000ea48      0x138 D:/Program Files/STM32CubeIDE_1.18.1/STM32CubeIDE/plugins/com.st.stm32cube.ide.mcu.externaltools.gnu-tools-for-stm32.13.3.rel1.win32_1.0.0.202411081344/tools/bin/../lib/gcc/arm-none-eabi/13.3.1/../../../../arm-none-eabi/lib/thumb/v6-m/nofp\libc_nano.a(libc_a-findfp.o)
                0x2000ea48                __sf
 .bss.errno     0x2000eb80        0x4 D:/Program Files/STM32CubeIDE_1.18.1/STM32CubeIDE/plugins/com.st.stm32cube.ide.mcu.externaltools.gnu-tools-for-stm32.13.3.rel1.win32_1.0.0.202411081344/tools/bin/../lib/gcc/arm-none-eabi/13.3.1/../../../../arm-none-eabi/lib/thumb/v6-m/nofp\libc_nano.a(libc_a-reent.o)
                0x2000eb80                errno
 .bss.__lock___malloc_recursive_mutex
                0x2000eb84        0x1 D:/Program Files/STM32CubeIDE_1.18.1/STM32CubeIDE/plugins/com.st.stm32cube.ide.mcu.externaltools.gnu-tools-for-stm32.13.3.rel1.win32_1.0.0.202411081344/tools/bin/../lib/gcc/arm-none-eabi/13.3.1/../../../../arm-none-eabi/lib/thumb/v6-m/nofp\libc_nano.a(libc_a-lock.o)
                0x2000eb84                __lock___malloc_recursive_mutex
 *fill*         0x2000eb85        0x3 
 .bss.__malloc_sbrk_start
                0x2000eb88        0x4 D:/Program Files/STM32CubeIDE_1.18.1/STM32CubeIDE/plugins/com.st.stm32cube.ide.mcu.externaltools.gnu-tools-for-stm32.13.3.rel1.win32_1.0.0.202411081344/tools/bin/../lib/gcc/arm-none-eabi/13.3.1/../../../../arm-none-eabi/lib/thumb/v6-m/nofp\libc_nano.a(libc_a-mallocr.o)
                0x2000eb88                __malloc_sbrk_start
 .bss.__malloc_free_list
                0x2000eb8c        0x4 D:/Program Files/STM32CubeIDE_1.18.1/STM32CubeIDE/plugins/com.st.stm32cube.ide.mcu.externaltools.gnu-tools-for-stm32.13.3.rel1.win32_1.0.0.202411081344/tools/bin/../lib/gcc/arm-none-eabi/13.3.1/../../../../arm-none-eabi/lib/thumb/v6-m/nofp\libc_nano.a(libc_a-mallocr.o)
                0x2000eb8c                __malloc_free_list
 *(COMMON)
                0x2000eb90                        . = ALIGN (0x4)
                0x2000eb90                        _ebss = .
                0x2000eb90                        __bss_end__ = _ebss

._user_heap_stack
                0x2000eb90      0x600 load address 0x0800db5c
                0x2000eb90                        . = ALIGN (0x8)
                [!provide]                        PROVIDE (end = .)
                0x2000eb90                        PROVIDE (_end = .)
                0x2000ed90                        . = (. + _Min_Heap_Size)
 *fill*         0x2000eb90      0x200 
                0x2000f190                        . = (. + _Min_Stack_Size)
 *fill*         0x2000ed90      0x400 
                0x2000f190                        . = ALIGN (0x8)

/DISCARD/
 libc.a(*)
 libm.a(*)
 libgcc.a(*)

.ARM.attributes
                0x00000000       0x28
 *(.ARM.attributes)