../Components/Eicher/src/eicher.c:93:5:initialise_eicher_task	16	static
../Components/Eicher/src/eicher.c:118:13:eicher_receive_message_task	40	static
../Components/Eicher/src/eicher.c:141:13:eicher_tx_message_task	16	static
../Components/Eicher/src/eicher.c:173:5:rte_send_can_message_to_queue	24	static
../Components/Eicher/src/eicher.c:189:6:update_eicher_application_parameter_list	16	static
../Components/Eicher/src/eicher.c:329:6:hexArrayToHexString	24	static
../Components/Eicher/src/eicher.c:336:12:CalculateRTCSecValue	16	static
../Components/Eicher/src/eicher.c:343:12:CalculateRTCMinValue	16	static
../Components/Eicher/src/eicher.c:349:12:CalculateRTCHourValue	16	static
../Components/Eicher/src/eicher.c:355:12:CalculateRTCMonthValue	16	static
../Components/Eicher/src/eicher.c:361:12:CalculateRTCYearValue	16	static
../Components/Eicher/src/eicher.c:367:12:CalculateRTCDayValue	16	static
../Components/Eicher/src/eicher.c:374:12:CalculateRTCMinOffValue	16	static
../Components/Eicher/src/eicher.c:380:12:CalculateRTCHourOffValue	16	static
../Components/Eicher/src/eicher.c:386:14:CalCulateRpm	32	static
../Components/Eicher/src/eicher.c:396:12:CalCulateCTM	16	static
../Components/Eicher/src/eicher.c:406:14:CalCulateHours	32	static
../Components/Eicher/src/eicher.c:417:14:CalCulateVehicleSpeed	32	static
../Components/Eicher/src/eicher.c:428:14:CalCulateOdo	32	static
../Components/Eicher/src/eicher.c:439:12:CalculateFuelLevValue	16	static
../Components/Eicher/src/eicher.c:446:12:CalculateOilPressure	16	static
../Components/Eicher/src/eicher.c:453:14:CalCulateBattVolt	32	static
../Components/Eicher/src/eicher.c:464:12:CalculateEngCoolantLevValue	16	static
../Components/Eicher/src/eicher.c:471:14:CalculateUreaQuality	16	static
../Components/Eicher/src/eicher.c:478:14:CalEngTotalIdelFuelUsed	32	static
../Components/Eicher/src/eicher.c:489:14:CalEngTotalIdelHoursValue	32	static
../Components/Eicher/src/eicher.c:500:8:CalculateHex18FD7C00	16	static
../Components/Eicher/src/eicher.c:506:12:CalAfterTreatmentTemperature	16	static
../Components/Eicher/src/eicher.c:516:14:CalAfterTreatmentFluidLev	32	static
../Components/Eicher/src/eicher.c:527:14:Catalystupstreamtemperature	32	static
../Components/Eicher/src/eicher.c:538:12:CalIntakeAirtempretaure	16	static
../Components/Eicher/src/eicher.c:548:14:Calculate_HRLFC_value	32	static
../Components/Eicher/src/eicher.c:559:12:Calculate_Fan_Speed	32	static
../Components/Eicher/src/eicher.c:571:12:Calculate_pedal_position	32	static
../Components/Eicher/src/eicher.c:583:12:CalAccelPedalPos	24	static
../Components/Eicher/src/eicher.c:591:16:ActualEnginePercentTorque	16	static
../Components/Eicher/src/eicher.c:598:16:EngineDemandPercentTorque	16	static
../Components/Eicher/src/eicher.c:605:8:initRTC	40	static
../Components/Eicher/src/eicher.c:613:7:get_vehicle_data_JSON_string	64	static
../Components/Eicher/src/eicher.c:635:5:GetEngineStatus	8	static
../Components/Eicher/src/eicher.c:644:6:reset_application_parameter_list	8	static
