../Components/Eicher/src/eicher.c:71:5:initialise_eicher_task	16	static
../Components/Eicher/src/eicher.c:95:13:eicher_receive_message_task	40	static
../Components/Eicher/src/eicher.c:117:13:eicher_tx_message_task	16	static
../Components/Eicher/src/eicher.c:150:5:rte_send_can_message_to_queue	24	static
../Components/Eicher/src/eicher.c:166:6:update_eicher_application_parameter_list	16	static
../Components/Eicher/src/eicher.c:224:6:hexArrayToHexString	24	static
../Components/Eicher/src/eicher.c:232:14:CalAccelPedalPos	24	static
../Components/Eicher/src/eicher.c:241:14:CalCulateRelRAxl2Spd_L	24	static
../Components/Eicher/src/eicher.c:249:14:CalCulateRelRAxl2Spd_R	24	static
../Components/Eicher/src/eicher.c:257:14:CalCulateRelRAxl1Spd_L	24	static
../Components/Eicher/src/eicher.c:265:14:CalCulateRelRAxl1Spd_R	24	static
../Components/Eicher/src/eicher.c:274:12:CalCulateVehicleSpeed	32	static
../Components/Eicher/src/eicher.c:286:14:CalCulateSteeringAngle	32	static
../Components/Eicher/src/eicher.c:298:14:CalCulateHours	32	static
../Components/Eicher/src/eicher.c:311:9:extract_bits_val	80	static
../Components/Eicher/src/eicher.c:319:9:extract_bits_motorola	40	static
../Components/Eicher/src/eicher.c:338:10:GetHourValue	8	static
../Components/Eicher/src/eicher.c:343:6:reset_application_parameter_list	8	static
