../Components/System_Card/src/card_uart_interface.c:84:6:card_buff_rx_data	16	static
../Components/System_Card/src/card_uart_interface.c:92:6:init_uart	8	static
../Components/System_Card/src/card_uart_interface.c:105:6:deinit_uart	8	static
../Components/System_Card/src/card_uart_interface.c:117:6:uart_send_frame	24	static
../Components/System_Card/src/card_uart_interface.c:128:5:uart_write_data	16	static
../Components/System_Card/src/card_uart_interface.c:136:10:uart_data_available	8	static
../Components/System_Card/src/card_uart_interface.c:144:9:uart_data_read	16	static
../Components/System_Card/src/card_uart_interface.c:154:10:uart_data_read_buffer	16	static
../Components/System_Card/src/card_uart_interface.c:162:6:uart_data_flush	8	static
../Components/System_Card/src/card_uart_interface.c:177:12:rx_buf_init	16	static
../Components/System_Card/src/card_uart_interface.c:198:12:rx_buf_deinit	16	static
../Components/System_Card/src/card_uart_interface.c:215:19:rx_buf_push_data	16	static
../Components/System_Card/src/card_uart_interface.c:238:19:rx_buf_pop_data	16	static
../Components/System_Card/src/card_uart_interface.c:255:24:rx_buf_pop_data_buffer	32	static
