../Components/LORA/Src/lora_uart_interface.c:89:6:lora_init_uart	8	static
../Components/LORA/Src/lora_uart_interface.c:102:6:lora_deinit_uart	8	static
../Components/LORA/Src/lora_uart_interface.c:112:6:uart_push_data	16	static
../Components/LORA/Src/lora_uart_interface.c:120:6:lora_uart_send_frame	24	static
../Components/LORA/Src/lora_uart_interface.c:131:10:lora_uart_data_available	8	static
../Components/LORA/Src/lora_uart_interface.c:139:9:lora_uart_data_read	16	static
../Components/LORA/Src/lora_uart_interface.c:149:6:lora_uart_data_flush	8	static
../Components/LORA/Src/lora_uart_interface.c:164:12:lora_rx_buf_init	16	static
../Components/LORA/Src/lora_uart_interface.c:185:12:lora_rx_buf_deinit	16	static
../Components/LORA/Src/lora_uart_interface.c:202:19:lora_rx_buf_push_data	16	static
../Components/LORA/Src/lora_uart_interface.c:225:19:lora_rx_buf_pop_data	16	static
