../Components/LORA/Src/lora_com.c:79:5:init_lora_module	8	static
../Components/LORA/Src/lora_com.c:150:5:lora_send_packet	328	static
../Components/LORA/Src/lora_com.c:171:5:lora_recieve_packet	16	static
../Components/LORA/Src/lora_com.c:191:12:LORA_Check_Multi_Line_Reply	24	static
../Components/LORA/Src/lora_com.c:197:12:LORA_Wait_For_Reply	24	static
../Components/LORA/Src/lora_com.c:204:12:LORA_Wait_For_Lines	16	static
../Components/LORA/Src/lora_com.c:211:12:LORA_read_Reply	40	static
../Components/LORA/Src/lora_com.c:253:12:LORA_read_Lines	40	static
../Components/LORA/Src/lora_com.c:317:12:LORA_read_bytes	32	static
../Components/LORA/Src/lora_com.c:357:6:LORA_flush	8	static
