../Core/Src/main.c:91:5:main	8	static
../Core/Src/main.c:178:6:SystemClock_Config	96	static
../Core/Src/main.c:224:13:MX_ADC1_Init	24	static
../Core/Src/main.c:284:6:MX_FDCAN1_Init	8	static
../Core/Src/main.c:327:6:MX_FDCAN2_Init	8	static
../Core/Src/main.c:370:13:MX_SPI2_Init	8	static
../Core/Src/main.c:410:13:MX_TIM16_Init	8	static
../Core/Src/main.c:442:13:MX_USART2_UART_Init	8	static
../Core/Src/main.c:490:13:MX_GPIO_Init	56	static
../Core/Src/main.c:596:6:HAL_TIM_PeriodElapsedCallback	16	static
../Core/Src/main.c:613:6:Error_Handler	8	static,ignoring_inline_asm
