../Core/Src/main.c:99:5:main	8	static
../Core/Src/main.c:186:6:SystemClock_Config	96	static
../Core/Src/main.c:239:13:MX_ADC1_Init	24	static
../Core/Src/main.c:298:6:MX_FDCAN2_Init	8	static
../Core/Src/main.c:341:13:MX_IWDG_Init	8	static
../Core/Src/main.c:370:13:MX_RTC_Init	32	static
../Core/Src/main.c:436:13:MX_SPI2_Init	8	static
../Core/Src/main.c:476:13:MX_TIM16_Init	8	static
../Core/Src/main.c:508:13:MX_USART1_UART_Init	8	static
../Core/Src/main.c:556:13:MX_GPIO_Init	56	static
../Core/Src/main.c:606:6:HAL_UART_RxCpltCallback	16	static
../Core/Src/main.c:634:6:HAL_TIM_PeriodElapsedCallback	16	static
../Core/Src/main.c:667:6:Error_Handler	8	static,ignoring_inline_asm
