C:/Users/kapil/Downloads/ssm_lora_ can_final 2/ssm_lora_ can_final/Components/littlefs/Inc/lfs_util.h:110:24:lfs_max	16	static
C:/Users/kapil/Downloads/ssm_lora_ can_final 2/ssm_lora_ can_final/Components/littlefs/Inc/lfs_util.h:114:24:lfs_min	16	static
C:/Users/kapil/Downloads/ssm_lora_ can_final 2/ssm_lora_ can_final/Components/littlefs/Inc/lfs_util.h:119:24:lfs_aligndown	16	static
C:/Users/kapil/Downloads/ssm_lora_ can_final 2/ssm_lora_ can_final/Components/littlefs/Inc/lfs_util.h:123:24:lfs_alignup	16	static
C:/Users/kapil/Downloads/ssm_lora_ can_final 2/ssm_lora_ can_final/Components/littlefs/Inc/lfs_util.h:128:24:lfs_npw2	16	static
C:/Users/kapil/Downloads/ssm_lora_ can_final 2/ssm_lora_ can_final/Components/littlefs/Inc/lfs_util.h:145:24:lfs_ctz	16	static
C:/Users/kapil/Downloads/ssm_lora_ can_final 2/ssm_lora_ can_final/Components/littlefs/Inc/lfs_util.h:154:24:lfs_popc	16	static
C:/Users/kapil/Downloads/ssm_lora_ can_final 2/ssm_lora_ can_final/Components/littlefs/Inc/lfs_util.h:166:19:lfs_scmp	16	static
C:/Users/kapil/Downloads/ssm_lora_ can_final 2/ssm_lora_ can_final/Components/littlefs/Inc/lfs_util.h:171:24:lfs_fromle32	16	static
C:/Users/kapil/Downloads/ssm_lora_ can_final 2/ssm_lora_ can_final/Components/littlefs/Inc/lfs_util.h:189:24:lfs_tole32	16	static
C:/Users/kapil/Downloads/ssm_lora_ can_final 2/ssm_lora_ can_final/Components/littlefs/Inc/lfs_util.h:194:24:lfs_frombe32	16	static
C:/Users/kapil/Downloads/ssm_lora_ can_final 2/ssm_lora_ can_final/Components/littlefs/Inc/lfs_util.h:212:24:lfs_tobe32	16	static
C:/Users/kapil/Downloads/ssm_lora_ can_final 2/ssm_lora_ can_final/Components/littlefs/Inc/lfs_util.h:221:21:lfs_malloc	16	static
C:/Users/kapil/Downloads/ssm_lora_ can_final 2/ssm_lora_ can_final/Components/littlefs/Inc/lfs_util.h:231:20:lfs_free	16	static
../Components/littlefs/Src/lfs.c:31:20:lfs_cache_drop	16	static
../Components/littlefs/Src/lfs.c:38:20:lfs_cache_zero	16	static
../Components/littlefs/Src/lfs.c:44:12:lfs_bd_read	56	static
../Components/littlefs/Src/lfs.c:127:12:lfs_bd_cmp	80	static
../Components/littlefs/Src/lfs.c:154:12:lfs_bd_crc	72	static
../Components/littlefs/Src/lfs.c:176:12:lfs_bd_flush	72	static
../Components/littlefs/Src/lfs.c:211:12:lfs_bd_sync	32	static
../Components/littlefs/Src/lfs.c:227:12:lfs_bd_prog	40	static
../Components/littlefs/Src/lfs.c:275:12:lfs_bd_erase	24	static
../Components/littlefs/Src/lfs.c:286:20:lfs_pair_swap	24	static
../Components/littlefs/Src/lfs.c:292:20:lfs_pair_isnull	16	static
../Components/littlefs/Src/lfs.c:296:19:lfs_pair_cmp	16	static
../Components/littlefs/Src/lfs.c:303:20:lfs_pair_issync	16	static
../Components/littlefs/Src/lfs.c:310:20:lfs_pair_fromle32	24	static
../Components/littlefs/Src/lfs.c:316:20:lfs_pair_tole32	24	static
../Components/littlefs/Src/lfs.c:335:20:lfs_tag_isvalid	16	static
../Components/littlefs/Src/lfs.c:339:20:lfs_tag_isdelete	16	static
../Components/littlefs/Src/lfs.c:343:24:lfs_tag_type1	16	static
../Components/littlefs/Src/lfs.c:347:24:lfs_tag_type2	16	static
../Components/littlefs/Src/lfs.c:351:24:lfs_tag_type3	16	static
../Components/littlefs/Src/lfs.c:355:23:lfs_tag_chunk	16	static
../Components/littlefs/Src/lfs.c:359:22:lfs_tag_splice	16	static
../Components/littlefs/Src/lfs.c:363:24:lfs_tag_id	16	static
../Components/littlefs/Src/lfs.c:367:26:lfs_tag_size	16	static
../Components/littlefs/Src/lfs.c:371:26:lfs_tag_dsize	16	static
../Components/littlefs/Src/lfs.c:391:20:lfs_gstate_xor	24	static
../Components/littlefs/Src/lfs.c:397:20:lfs_gstate_iszero	24	static
../Components/littlefs/Src/lfs.c:407:20:lfs_gstate_hasorphans	16	static
../Components/littlefs/Src/lfs.c:411:23:lfs_gstate_getorphans	16	static
../Components/littlefs/Src/lfs.c:415:20:lfs_gstate_hasmove	16	static
../Components/littlefs/Src/lfs.c:420:20:lfs_gstate_needssuperblock	16	static
../Components/littlefs/Src/lfs.c:424:20:lfs_gstate_hasmovehere	16	static
../Components/littlefs/Src/lfs.c:429:20:lfs_gstate_fromle32	16	static
../Components/littlefs/Src/lfs.c:436:20:lfs_gstate_tole32	16	static
../Components/littlefs/Src/lfs.c:449:13:lfs_fcrc_fromle32	16	static
../Components/littlefs/Src/lfs.c:455:13:lfs_fcrc_tole32	16	static
../Components/littlefs/Src/lfs.c:462:13:lfs_ctz_fromle32	16	static
../Components/littlefs/Src/lfs.c:468:13:lfs_ctz_tole32	16	static
../Components/littlefs/Src/lfs.c:474:20:lfs_superblock_fromle32	16	static
../Components/littlefs/Src/lfs.c:484:20:lfs_superblock_tole32	16	static
../Components/littlefs/Src/lfs.c:495:13:lfs_mlist_isopen	24	static
../Components/littlefs/Src/lfs.c:507:13:lfs_mlist_remove	24	static
../Components/littlefs/Src/lfs.c:516:13:lfs_mlist_append	16	static
../Components/littlefs/Src/lfs.c:522:17:lfs_fs_disk_version	16	static
../Components/littlefs/Src/lfs.c:534:17:lfs_fs_disk_version_major	16	static
../Components/littlefs/Src/lfs.c:539:17:lfs_fs_disk_version_minor	16	static
../Components/littlefs/Src/lfs.c:597:12:lfs_alloc_lookahead	24	static
../Components/littlefs/Src/lfs.c:613:13:lfs_alloc_ack	16	static
../Components/littlefs/Src/lfs.c:619:13:lfs_alloc_drop	16	static
../Components/littlefs/Src/lfs.c:626:12:lfs_alloc	40	static
../Components/littlefs/Src/lfs.c:674:19:lfs_dir_getslice	72	static
../Components/littlefs/Src/lfs.c:736:19:lfs_dir_get	48	static
../Components/littlefs/Src/lfs.c:743:12:lfs_dir_getread	72	static
../Components/littlefs/Src/lfs.c:805:12:lfs_dir_traverse_filter	40	static
../Components/littlefs/Src/lfs.c:865:12:lfs_dir_traverse	280	static
../Components/littlefs/Src/lfs.c:1060:19:lfs_dir_fetchmatch	160	static
../Components/littlefs/Src/lfs.c:1338:12:lfs_dir_fetch	48	static
../Components/littlefs/Src/lfs.c:1346:12:lfs_dir_getgstate	56	static
../Components/littlefs/Src/lfs.c:1364:12:lfs_dir_getinfo	56	static
../Components/littlefs/Src/lfs.c:1404:12:lfs_dir_find_match	80	static
../Components/littlefs/Src/lfs.c:1428:19:lfs_dir_find	96	static
../Components/littlefs/Src/lfs.c:1540:12:lfs_dir_commitprog	56	static
../Components/littlefs/Src/lfs.c:1557:12:lfs_dir_commitattr	72	static
../Components/littlefs/Src/lfs.c:1605:12:lfs_dir_commitcrc	112	static
../Components/littlefs/Src/lfs.c:1751:12:lfs_dir_alloc	56	static
../Components/littlefs/Src/lfs.c:1795:12:lfs_dir_drop	48	static
../Components/littlefs/Src/lfs.c:1816:12:lfs_dir_split	88	static
../Components/littlefs/Src/lfs.c:1851:12:lfs_dir_commit_size	32	static
../Components/littlefs/Src/lfs.c:1868:12:lfs_dir_commit_commit	32	static
../Components/littlefs/Src/lfs.c:1875:13:lfs_dir_needsrelocation	16	static
../Components/littlefs/Src/lfs.c:1888:12:lfs_dir_compact	168	static
../Components/littlefs/Src/lfs.c:2061:12:lfs_dir_splittingcompact	104	static
../Components/littlefs/Src/lfs.c:2166:12:lfs_dir_relocatingcommit	176	static
../Components/littlefs/Src/lfs.c:2337:12:lfs_dir_orphaningcommit	264	static
../Components/littlefs/Src/lfs.c:2530:12:lfs_dir_commit	32	static
../Components/littlefs/Src/lfs.c:2554:12:lfs_rawmkdir	248	static
../Components/littlefs/Src/lfs.c:2650:12:lfs_dir_rawopen	64	static
../Components/littlefs/Src/lfs.c:2694:12:lfs_dir_rawclose	16	static
../Components/littlefs/Src/lfs.c:2701:12:lfs_dir_rawread	32	static
../Components/littlefs/Src/lfs.c:2746:12:lfs_dir_rawseek	32	static
../Components/littlefs/Src/lfs.c:2783:19:lfs_dir_rawtell	16	static
../Components/littlefs/Src/lfs.c:2788:12:lfs_dir_rawrewind	24	static
../Components/littlefs/Src/lfs.c:2802:12:lfs_ctz_index	40	static
../Components/littlefs/Src/lfs.c:2815:12:lfs_ctz_find	72	static
../Components/littlefs/Src/lfs.c:2850:12:lfs_ctz_extend	88	static
../Components/littlefs/Src/lfs.c:2949:12:lfs_ctz_traverse	80	static
../Components/littlefs/Src/lfs.c:2994:12:lfs_file_rawopencfg	120	static
../Components/littlefs/Src/lfs.c:3161:12:lfs_file_rawopen	48	static
../Components/littlefs/Src/lfs.c:3169:12:lfs_file_rawclose	24	static
../Components/littlefs/Src/lfs.c:3189:12:lfs_file_relocate	64	static
../Components/littlefs/Src/lfs.c:3260:12:lfs_file_outline	24	static
../Components/littlefs/Src/lfs.c:3273:12:lfs_file_flush	136	static
../Components/littlefs/Src/lfs.c:3354:12:lfs_file_rawsync	80	static
../Components/littlefs/Src/lfs.c:3406:20:lfs_file_flushedread	88	static
../Components/littlefs/Src/lfs.c:3467:20:lfs_file_rawread	32	static
../Components/littlefs/Src/lfs.c:3486:20:lfs_file_flushedwrite	88	static
../Components/littlefs/Src/lfs.c:3574:20:lfs_file_rawwrite	48	static
../Components/littlefs/Src/lfs.c:3618:19:lfs_file_rawseek	56	static
../Components/littlefs/Src/lfs.c:3682:12:lfs_file_rawtruncate	88	static
../Components/littlefs/Src/lfs.c:3767:19:lfs_file_rawtell	16	static
../Components/littlefs/Src/lfs.c:3772:12:lfs_file_rawrewind	24	static
../Components/littlefs/Src/lfs.c:3781:19:lfs_file_rawsize	16	static
../Components/littlefs/Src/lfs.c:3795:12:lfs_rawstat	64	static
../Components/littlefs/Src/lfs.c:3806:12:lfs_rawremove	144	static
../Components/littlefs/Src/lfs.c:3885:12:lfs_rawrename	288	static
../Components/littlefs/Src/lfs.c:4020:20:lfs_rawgetattr	88	static
../Components/littlefs/Src/lfs.c:4054:12:lfs_commitattr	96	static
../Components/littlefs/Src/lfs.c:4078:12:lfs_rawsetattr	40	static
../Components/littlefs/Src/lfs.c:4089:12:lfs_rawremoveattr	32	static
../Components/littlefs/Src/lfs.c:4096:12:lfs_init	56	static
../Components/littlefs/Src/lfs.c:4223:12:lfs_deinit	16	static
../Components/littlefs/Src/lfs.c:4241:12:lfs_rawformat	144	static
../Components/littlefs/Src/lfs.c:4306:12:lfs_rawmount	144	static
../Components/littlefs/Src/lfs.c:4475:12:lfs_rawunmount	16	static
../Components/littlefs/Src/lfs.c:4481:12:lfs_fs_rawstat	96	static
../Components/littlefs/Src/lfs.c:4517:5:lfs_fs_rawtraverse	144	static
../Components/littlefs/Src/lfs.c:4625:12:lfs_fs_pred	48	static
../Components/littlefs/Src/lfs.c:4669:12:lfs_fs_parent_match	80	static
../Components/littlefs/Src/lfs.c:4690:19:lfs_fs_parent	80	static
../Components/littlefs/Src/lfs.c:4727:13:lfs_fs_prepsuperblock	16	static
../Components/littlefs/Src/lfs.c:4733:12:lfs_fs_preporphans	24	static
../Components/littlefs/Src/lfs.c:4745:13:lfs_fs_prepmove	24	static
../Components/littlefs/Src/lfs.c:4755:12:lfs_fs_desuperblock	112	static
../Components/littlefs/Src/lfs.c:4794:12:lfs_fs_demove	104	static
../Components/littlefs/Src/lfs.c:4830:12:lfs_fs_deorphan	224	static
../Components/littlefs/Src/lfs.c:4961:12:lfs_fs_forceconsistency	24	static
../Components/littlefs/Src/lfs.c:4982:5:lfs_fs_rawmkconsistent	72	static
../Components/littlefs/Src/lfs.c:5011:12:lfs_fs_size_count	24	static
../Components/littlefs/Src/lfs.c:5018:20:lfs_fs_rawsize	24	static
../Components/littlefs/Src/lfs.c:5691:5:lfs_format	24	static
../Components/littlefs/Src/lfs.c:5721:5:lfs_mount	24	static
../Components/littlefs/Src/lfs.c:5750:5:lfs_unmount	24	static
../Components/littlefs/Src/lfs.c:5765:5:lfs_remove	24	static
../Components/littlefs/Src/lfs.c:5781:5:lfs_rename	32	static
../Components/littlefs/Src/lfs.c:5796:5:lfs_stat	32	static
../Components/littlefs/Src/lfs.c:5810:13:lfs_getattr	48	static
../Components/littlefs/Src/lfs.c:5827:5:lfs_setattr	48	static
../Components/littlefs/Src/lfs.c:5845:5:lfs_removeattr	32	static
../Components/littlefs/Src/lfs.c:5861:5:lfs_file_open	32	static
../Components/littlefs/Src/lfs.c:5878:5:lfs_file_opencfg	48	static
../Components/littlefs/Src/lfs.c:5898:5:lfs_file_close	24	static
../Components/littlefs/Src/lfs.c:5914:5:lfs_file_sync	24	static
../Components/littlefs/Src/lfs.c:5930:13:lfs_file_read	32	static
../Components/littlefs/Src/lfs.c:5948:13:lfs_file_write	32	static
../Components/littlefs/Src/lfs.c:5966:12:lfs_file_seek	32	static
../Components/littlefs/Src/lfs.c:5984:5:lfs_file_truncate	32	static
../Components/littlefs/Src/lfs.c:6001:12:lfs_file_tell	24	static
../Components/littlefs/Src/lfs.c:6016:5:lfs_file_rewind	24	static
../Components/littlefs/Src/lfs.c:6030:12:lfs_file_size	24	static
../Components/littlefs/Src/lfs.c:6046:5:lfs_mkdir	24	static
../Components/littlefs/Src/lfs.c:6061:5:lfs_dir_open	32	static
../Components/littlefs/Src/lfs.c:6076:5:lfs_dir_close	24	static
../Components/littlefs/Src/lfs.c:6090:5:lfs_dir_read	32	static
../Components/littlefs/Src/lfs.c:6105:5:lfs_dir_seek	32	static
../Components/littlefs/Src/lfs.c:6120:12:lfs_dir_tell	24	static
../Components/littlefs/Src/lfs.c:6134:5:lfs_dir_rewind	24	static
../Components/littlefs/Src/lfs.c:6148:5:lfs_fs_stat	24	static
../Components/littlefs/Src/lfs.c:6162:13:lfs_fs_size	24	static
../Components/littlefs/Src/lfs.c:6176:5:lfs_fs_traverse	32	static
../Components/littlefs/Src/lfs.c:6192:5:lfs_fs_mkconsistent	24	static
